Archive member included to satisfy reference by file (symbol)

c:/program files (x86)/atollic/truestudio for stm32 9.3.0/armtools/bin/../lib/gcc/arm-atollic-eabi/6.3.1/../../../../arm-atollic-eabi/lib/armv7e-m/fpu\libc_nano.a(lib_a-errno.o)
                              Core\Src\syscalls.o (__errno)
c:/program files (x86)/atollic/truestudio for stm32 9.3.0/armtools/bin/../lib/gcc/arm-atollic-eabi/6.3.1/../../../../arm-atollic-eabi/lib/armv7e-m/fpu\libc_nano.a(lib_a-impure.o)
                              c:/program files (x86)/atollic/truestudio for stm32 9.3.0/armtools/bin/../lib/gcc/arm-atollic-eabi/6.3.1/../../../../arm-atollic-eabi/lib/armv7e-m/fpu\libc_nano.a(lib_a-errno.o) (_impure_ptr)
c:/program files (x86)/atollic/truestudio for stm32 9.3.0/armtools/bin/../lib/gcc/arm-atollic-eabi/6.3.1/../../../../arm-atollic-eabi/lib/armv7e-m/fpu\libc_nano.a(lib_a-init.o)
                              startup\startup_stm32l496xx.o (__libc_init_array)
c:/program files (x86)/atollic/truestudio for stm32 9.3.0/armtools/bin/../lib/gcc/arm-atollic-eabi/6.3.1/../../../../arm-atollic-eabi/lib/armv7e-m/fpu\libc_nano.a(lib_a-malloc.o)
                              Middlewares\ST\STM32_USB_Host_Library\Class\HID\Src\usbh_hid.o (malloc)
c:/program files (x86)/atollic/truestudio for stm32 9.3.0/armtools/bin/../lib/gcc/arm-atollic-eabi/6.3.1/../../../../arm-atollic-eabi/lib/armv7e-m/fpu\libc_nano.a(lib_a-memset.o)
                              Core\Src\main.o (memset)
c:/program files (x86)/atollic/truestudio for stm32 9.3.0/armtools/bin/../lib/gcc/arm-atollic-eabi/6.3.1/../../../../arm-atollic-eabi/lib/armv7e-m/fpu\libc_nano.a(lib_a-nano-freer.o)
                              c:/program files (x86)/atollic/truestudio for stm32 9.3.0/armtools/bin/../lib/gcc/arm-atollic-eabi/6.3.1/../../../../arm-atollic-eabi/lib/armv7e-m/fpu\libc_nano.a(lib_a-malloc.o) (_free_r)
c:/program files (x86)/atollic/truestudio for stm32 9.3.0/armtools/bin/../lib/gcc/arm-atollic-eabi/6.3.1/../../../../arm-atollic-eabi/lib/armv7e-m/fpu\libc_nano.a(lib_a-nano-mallocr.o)
                              c:/program files (x86)/atollic/truestudio for stm32 9.3.0/armtools/bin/../lib/gcc/arm-atollic-eabi/6.3.1/../../../../arm-atollic-eabi/lib/armv7e-m/fpu\libc_nano.a(lib_a-malloc.o) (_malloc_r)
c:/program files (x86)/atollic/truestudio for stm32 9.3.0/armtools/bin/../lib/gcc/arm-atollic-eabi/6.3.1/../../../../arm-atollic-eabi/lib/armv7e-m/fpu\libc_nano.a(lib_a-printf.o)
                              Middlewares\ST\STM32_USB_Host_Library\Class\HID\Src\usbh_hid.o (printf)
c:/program files (x86)/atollic/truestudio for stm32 9.3.0/armtools/bin/../lib/gcc/arm-atollic-eabi/6.3.1/../../../../arm-atollic-eabi/lib/armv7e-m/fpu\libc_nano.a(lib_a-putchar.o)
                              Middlewares\ST\STM32_USB_Host_Library\Class\HID\Src\usbh_hid.o (putchar)
c:/program files (x86)/atollic/truestudio for stm32 9.3.0/armtools/bin/../lib/gcc/arm-atollic-eabi/6.3.1/../../../../arm-atollic-eabi/lib/armv7e-m/fpu\libc_nano.a(lib_a-sbrkr.o)
                              c:/program files (x86)/atollic/truestudio for stm32 9.3.0/armtools/bin/../lib/gcc/arm-atollic-eabi/6.3.1/../../../../arm-atollic-eabi/lib/armv7e-m/fpu\libc_nano.a(lib_a-nano-mallocr.o) (_sbrk_r)
c:/program files (x86)/atollic/truestudio for stm32 9.3.0/armtools/bin/../lib/gcc/arm-atollic-eabi/6.3.1/../../../../arm-atollic-eabi/lib/armv7e-m/fpu\libc_nano.a(lib_a-sprintf.o)
                              Core\Src\main.o (sprintf)
c:/program files (x86)/atollic/truestudio for stm32 9.3.0/armtools/bin/../lib/gcc/arm-atollic-eabi/6.3.1/../../../../arm-atollic-eabi/lib/armv7e-m/fpu\libc_nano.a(lib_a-strlen.o)
                              Core\Src\main.o (strlen)
c:/program files (x86)/atollic/truestudio for stm32 9.3.0/armtools/bin/../lib/gcc/arm-atollic-eabi/6.3.1/../../../../arm-atollic-eabi/lib/armv7e-m/fpu\libc_nano.a(lib_a-findfp.o)
                              c:/program files (x86)/atollic/truestudio for stm32 9.3.0/armtools/bin/../lib/gcc/arm-atollic-eabi/6.3.1/../../../../arm-atollic-eabi/lib/armv7e-m/fpu\libc_nano.a(lib_a-printf.o) (__sinit)
c:/program files (x86)/atollic/truestudio for stm32 9.3.0/armtools/bin/../lib/gcc/arm-atollic-eabi/6.3.1/../../../../arm-atollic-eabi/lib/armv7e-m/fpu\libc_nano.a(lib_a-fwalk.o)
                              c:/program files (x86)/atollic/truestudio for stm32 9.3.0/armtools/bin/../lib/gcc/arm-atollic-eabi/6.3.1/../../../../arm-atollic-eabi/lib/armv7e-m/fpu\libc_nano.a(lib_a-findfp.o) (_fwalk)
c:/program files (x86)/atollic/truestudio for stm32 9.3.0/armtools/bin/../lib/gcc/arm-atollic-eabi/6.3.1/../../../../arm-atollic-eabi/lib/armv7e-m/fpu\libc_nano.a(lib_a-mlock.o)
                              c:/program files (x86)/atollic/truestudio for stm32 9.3.0/armtools/bin/../lib/gcc/arm-atollic-eabi/6.3.1/../../../../arm-atollic-eabi/lib/armv7e-m/fpu\libc_nano.a(lib_a-nano-freer.o) (__malloc_lock)
[...]
Memory Configuration

Name             Origin             Length             Attributes
RAM              0x20000000         0x00040000         xrw
RAM2             0x10000000         0x00010000         xrw
FLASH            0x08000000         0x00100000         xr
*default*        0x00000000         0xffffffff

Linker script and memory map

LOAD c:/program files (x86)/atollic/truestudio for stm32 9.3.0/armtools/bin/../lib/gcc/arm-atollic-eabi/6.3.1/armv7e-m/fpu/crti.o
LOAD c:/program files (x86)/atollic/truestudio for stm32 9.3.0/armtools/bin/../lib/gcc/arm-atollic-eabi/6.3.1/armv7e-m/fpu/crtbegin.o
LOAD Core\Src\main.o
LOAD Core\Src\stm32l4xx_hal_msp.o
LOAD Core\Src\stm32l4xx_it.o
LOAD Core\Src\syscalls.o
LOAD Core\Src\system_stm32l4xx.o
LOAD Drivers\STM32L4xx_HAL_Driver\Src\stm32l4xx_hal.o
LOAD Drivers\STM32L4xx_HAL_Driver\Src\stm32l4xx_hal_cortex.o
LOAD Drivers\STM32L4xx_HAL_Driver\Src\stm32l4xx_hal_dma.o
LOAD Drivers\STM32L4xx_HAL_Driver\Src\stm32l4xx_hal_dma_ex.o
LOAD Drivers\STM32L4xx_HAL_Driver\Src\stm32l4xx_hal_exti.o
LOAD Drivers\STM32L4xx_HAL_Driver\Src\stm32l4xx_hal_flash.o
LOAD Drivers\STM32L4xx_HAL_Driver\Src\stm32l4xx_hal_flash_ex.o
LOAD Drivers\STM32L4xx_HAL_Driver\Src\stm32l4xx_hal_flash_ramfunc.o
LOAD Drivers\STM32L4xx_HAL_Driver\Src\stm32l4xx_hal_gpio.o
LOAD Drivers\STM32L4xx_HAL_Driver\Src\stm32l4xx_hal_hcd.o
LOAD Drivers\STM32L4xx_HAL_Driver\Src\stm32l4xx_hal_i2c.o
LOAD Drivers\STM32L4xx_HAL_Driver\Src\stm32l4xx_hal_i2c_ex.o
LOAD Drivers\STM32L4xx_HAL_Driver\Src\stm32l4xx_hal_pwr.o
LOAD Drivers\STM32L4xx_HAL_Driver\Src\stm32l4xx_hal_pwr_ex.o
LOAD Drivers\STM32L4xx_HAL_Driver\Src\stm32l4xx_hal_rcc.o
LOAD Drivers\STM32L4xx_HAL_Driver\Src\stm32l4xx_hal_rcc_ex.o
LOAD Drivers\STM32L4xx_HAL_Driver\Src\stm32l4xx_hal_tim.o
LOAD Drivers\STM32L4xx_HAL_Driver\Src\stm32l4xx_hal_tim_ex.o
LOAD Drivers\STM32L4xx_HAL_Driver\Src\stm32l4xx_hal_uart.o
LOAD Drivers\STM32L4xx_HAL_Driver\Src\stm32l4xx_hal_uart_ex.o
LOAD Drivers\STM32L4xx_HAL_Driver\Src\stm32l4xx_ll_usb.o
LOAD Middlewares\ST\STM32_USB_Host_Library\Class\HID\Src\usbh_hid.o
LOAD Middlewares\ST\STM32_USB_Host_Library\Class\HID\Src\usbh_hid_keybd.o
LOAD Middlewares\ST\STM32_USB_Host_Library\Class\HID\Src\usbh_hid_mouse.o
LOAD Middlewares\ST\STM32_USB_Host_Library\Class\HID\Src\usbh_hid_parser.o
LOAD Middlewares\ST\STM32_USB_Host_Library\Core\Src\usbh_core.o
LOAD Middlewares\ST\STM32_USB_Host_Library\Core\Src\usbh_ctlreq.o
LOAD Middlewares\ST\STM32_USB_Host_Library\Core\Src\usbh_ioreq.o
LOAD Middlewares\ST\STM32_USB_Host_Library\Core\Src\usbh_pipes.o
LOAD USB_HOST\App\usb_host.o
LOAD USB_HOST\Target\usbh_conf.o
LOAD USB_HOST\Target\usbh_platform.o
LOAD startup\startup_stm32l496xx.o
                0x00000080                malloc_getpagesize_P = 0x80
START GROUP
LOAD c:/program files (x86)/atollic/truestudio for stm32 9.3.0/armtools/bin/../lib/gcc/arm-atollic-eabi/6.3.1/../../../../arm-atollic-eabi/lib/armv7e-m/fpu\libc_nano.a
LOAD c:/program files (x86)/atollic/truestudio for stm32 9.3.0/armtools/bin/../lib/gcc/arm-atollic-eabi/6.3.1/../../../../arm-atollic-eabi/lib/armv7e-m/fpu\libm.a
END GROUP
START GROUP
LOAD c:/program files (x86)/atollic/truestudio for stm32 9.3.0/armtools/bin/../lib/gcc/arm-atollic-eabi/6.3.1/armv7e-m/fpu\libgcc.a
LOAD c:/program files (x86)/atollic/truestudio for stm32 9.3.0/armtools/bin/../lib/gcc/arm-atollic-eabi/6.3.1/../../../../arm-atollic-eabi/lib/armv7e-m/fpu\libc_nano.a
END GROUP
START GROUP
LOAD c:/program files (x86)/atollic/truestudio for stm32 9.3.0/armtools/bin/../lib/gcc/arm-atollic-eabi/6.3.1/armv7e-m/fpu\libgcc.a
LOAD c:/program files (x86)/atollic/truestudio for stm32 9.3.0/armtools/bin/../lib/gcc/arm-atollic-eabi/6.3.1/../../../../arm-atollic-eabi/lib/armv7e-m/fpu\libc_nano.a
LOAD c:/program files (x86)/atollic/truestudio for stm32 9.3.0/armtools/bin/../lib/gcc/arm-atollic-eabi/6.3.1/../../../../arm-atollic-eabi/lib/armv7e-m/fpu\libnosys.a
END GROUP
START GROUP
LOAD c:/program files (x86)/atollic/truestudio for stm32 9.3.0/armtools/bin/../lib/gcc/arm-atollic-eabi/6.3.1/armv7e-m/fpu\libgcc.a
LOAD c:/program files (x86)/atollic/truestudio for stm32 9.3.0/armtools/bin/../lib/gcc/arm-atollic-eabi/6.3.1/../../../../arm-atollic-eabi/lib/armv7e-m/fpu\libc_nano.a
LOAD c:/program files (x86)/atollic/truestudio for stm32 9.3.0/armtools/bin/../lib/gcc/arm-atollic-eabi/6.3.1/../../../../arm-atollic-eabi/lib/armv7e-m/fpu\libnosys.a
END GROUP
LOAD c:/program files (x86)/atollic/truestudio for stm32 9.3.0/armtools/bin/../lib/gcc/arm-atollic-eabi/6.3.1/armv7e-m/fpu/crtend.o
LOAD c:/program files (x86)/atollic/truestudio for stm32 9.3.0/armtools/bin/../lib/gcc/arm-atollic-eabi/6.3.1/armv7e-m/fpu/crtn.o
                0x20040000                _estack = (ORIGIN (RAM) + LENGTH (RAM))
                0x00000200                _Min_Heap_Size = 0x200
                0x00000400                _Min_Stack_Size = 0x400

.isr_vector     0x08000000      0x1ac
                0x08000000                . = ALIGN (0x4)
 *(.isr_vector)
 .isr_vector    0x08000000      0x1ac startup\startup_stm32l496xx.o
                0x08000000                g_pfnVectors
                0x080001ac                . = ALIGN (0x4)

.text           0x080001b0     0x985c
                0x080001b0                . = ALIGN (0x4)
 *(.text)
 .text          0x080001b0       0x40 c:/program files (x86)/atollic/truestudio for stm32 9.3.0/armtools/bin/../lib/gcc/arm-atollic-eabi/6.3.1/armv7e-m/fpu/crtbegin.o
 .text          0x080001f0       0x10 c:/program files (x86)/atollic/truestudio for stm32 9.3.0/armtools/bin/../lib/gcc/arm-atollic-eabi/6.3.1/../../../../arm-atollic-eabi/lib/armv7e-m/fpu\libc_nano.a(lib_a-strlen.o)
                0x080001f0                strlen
 .text          0x08000200       0xa0 c:/program files (x86)/atollic/truestudio for stm32 9.3.0/armtools/bin/../lib/gcc/arm-atollic-eabi/6.3.1/../../../../arm-atollic-eabi/lib/armv7e-m/fpu\libc_nano.a(lib_a-memchr.o)
                0x08000200                memchr
 .text          0x080002a0       0x30 c:/program files (x86)/atollic/truestudio for stm32 9.3.0/armtools/bin/../lib/gcc/arm-atollic-eabi/6.3.1/armv7e-m/fpu\libgcc.a(_aeabi_uldivmod.o)
                0x080002a0                __aeabi_uldivmod
 .text          0x080002d0      0x2dc c:/program files (x86)/atollic/truestudio for stm32 9.3.0/armtools/bin/../lib/gcc/arm-atollic-eabi/6.3.1/armv7e-m/fpu\libgcc.a(_udivmoddi4.o)
                0x080002d0                __udivmoddi4
 .text          0x080005ac        0x4 c:/program files (x86)/atollic/truestudio for stm32 9.3.0/armtools/bin/../lib/gcc/arm-atollic-eabi/6.3.1/armv7e-m/fpu\libgcc.a(_dvmd_tls.o)
                0x080005ac                __aeabi_idiv0
                0x080005ac                __aeabi_ldiv0
 *(.text*)
 .text.USBH_HID_EventCallback
                0x080005b0       0x80 Core\Src\main.o
                0x080005b0                USBH_HID_EventCallback
 .text.main     0x08000630       0x34 Core\Src\main.o
                0x08000630                main
 .text.SystemClock_Config
                0x08000664       0xc8 Core\Src\main.o
                0x08000664                SystemClock_Config
 .text.MX_LPUART1_UART_Init
                0x0800072c       0x58 Core\Src\main.o
 .text.MX_GPIO_Init
                0x08000784      0x134 Core\Src\main.o
 .text.__io_putchar
                0x080008b8       0x2c Core\Src\main.o
                0x080008b8                __io_putchar
 .text._write   0x080008e4       0x38 Core\Src\main.o
                0x080008e4                _write
 .text.Error_Handler
                0x0800091c        0x8 Core\Src\main.o
                0x0800091c                Error_Handler
 .text.HAL_MspInit
                0x08000924       0x48 Core\Src\stm32l4xx_hal_msp.o
                0x08000924                HAL_MspInit
 .text.HAL_UART_MspInit
                0x0800096c       0xc0 Core\Src\stm32l4xx_hal_msp.o
                0x0800096c                HAL_UART_MspInit
 .text.NMI_Handler
                0x08000a2c        0x6 Core\Src\stm32l4xx_it.o
                0x08000a2c                NMI_Handler
 .text.HardFault_Handler
                0x08000a32        0x6 Core\Src\stm32l4xx_it.o
                0x08000a32                HardFault_Handler
 .text.MemManage_Handler
                0x08000a38        0x6 Core\Src\stm32l4xx_it.o
                0x08000a38                MemManage_Handler
 .text.BusFault_Handler
                0x08000a3e        0x6 Core\Src\stm32l4xx_it.o
                0x08000a3e                BusFault_Handler
 .text.UsageFault_Handler
                0x08000a44        0x6 Core\Src\stm32l4xx_it.o
                0x08000a44                UsageFault_Handler
 .text.SVC_Handler
                0x08000a4a        0xe Core\Src\stm32l4xx_it.o
                0x08000a4a                SVC_Handler
 .text.DebugMon_Handler
                0x08000a58        0xe Core\Src\stm32l4xx_it.o
                0x08000a58                DebugMon_Handler
 .text.PendSV_Handler
                0x08000a66        0xe Core\Src\stm32l4xx_it.o
                0x08000a66                PendSV_Handler
 .text.SysTick_Handler
                0x08000a74        0xc Core\Src\stm32l4xx_it.o
                0x08000a74                SysTick_Handler
 .text.OTG_FS_IRQHandler
                0x08000a80       0x14 Core\Src\stm32l4xx_it.o
                0x08000a80                OTG_FS_IRQHandler
 .text._read    0x08000a94       0x3a Core\Src\syscalls.o
                0x08000a94                _read
 *fill*         0x08000ace        0x2 
 .text._sbrk    0x08000ad0       0x58 Core\Src\syscalls.o
                0x08000ad0                _sbrk
 .text._close   0x08000b28       0x18 Core\Src\syscalls.o
                0x08000b28                _close
 .text._fstat   0x08000b40       0x20 Core\Src\syscalls.o
                0x08000b40                _fstat
 .text._isatty  0x08000b60       0x16 Core\Src\syscalls.o
                0x08000b60                _isatty
 .text._lseek   0x08000b76       0x1a Core\Src\syscalls.o
                0x08000b76                _lseek
 .text.SystemInit
                0x08000b90       0x24 Core\Src\system_stm32l4xx.o
                0x08000b90                SystemInit
 .text.HAL_Init
                0x08000bb4       0x30 Drivers\STM32L4xx_HAL_Driver\Src\stm32l4xx_hal.o
                0x08000bb4                HAL_Init
 .text.HAL_InitTick
                0x08000be4       0x78 Drivers\STM32L4xx_HAL_Driver\Src\stm32l4xx_hal.o
                0x08000be4                HAL_InitTick
 .text.HAL_IncTick
                0x08000c5c       0x28 Drivers\STM32L4xx_HAL_Driver\Src\stm32l4xx_hal.o
                0x08000c5c                HAL_IncTick
 .text.HAL_GetTick
                0x08000c84       0x18 Drivers\STM32L4xx_HAL_Driver\Src\stm32l4xx_hal.o
                0x08000c84                HAL_GetTick
 .text.HAL_Delay
                0x08000c9c       0x44 Drivers\STM32L4xx_HAL_Driver\Src\stm32l4xx_hal.o
                0x08000c9c                HAL_Delay
 .text.__NVIC_SetPriorityGrouping
                0x08000ce0       0x48 Drivers\STM32L4xx_HAL_Driver\Src\stm32l4xx_hal_cortex.o
 .text.__NVIC_GetPriorityGrouping
                0x08000d28       0x1c Drivers\STM32L4xx_HAL_Driver\Src\stm32l4xx_hal_cortex.o
 .text.__NVIC_EnableIRQ
                0x08000d44       0x3c Drivers\STM32L4xx_HAL_Driver\Src\stm32l4xx_hal_cortex.o
 .text.__NVIC_SetPriority
                0x08000d80       0x54 Drivers\STM32L4xx_HAL_Driver\Src\stm32l4xx_hal_cortex.o
 .text.NVIC_EncodePriority
                0x08000dd4       0x62 Drivers\STM32L4xx_HAL_Driver\Src\stm32l4xx_hal_cortex.o
 *fill*         0x08000e36        0x2 
 .text.SysTick_Config
                0x08000e38       0x44 Drivers\STM32L4xx_HAL_Driver\Src\stm32l4xx_hal_cortex.o
 .text.HAL_NVIC_SetPriorityGrouping
                0x08000e7c       0x16 Drivers\STM32L4xx_HAL_Driver\Src\stm32l4xx_hal_cortex.o
                0x08000e7c                HAL_NVIC_SetPriorityGrouping
 .text.HAL_NVIC_SetPriority
                0x08000e92       0x38 Drivers\STM32L4xx_HAL_Driver\Src\stm32l4xx_hal_cortex.o
                0x08000e92                HAL_NVIC_SetPriority
 .text.HAL_NVIC_EnableIRQ
                0x08000eca       0x1c Drivers\STM32L4xx_HAL_Driver\Src\stm32l4xx_hal_cortex.o
                0x08000eca                HAL_NVIC_EnableIRQ
 .text.HAL_SYSTICK_Config
                0x08000ee6       0x18 Drivers\STM32L4xx_HAL_Driver\Src\stm32l4xx_hal_cortex.o
                0x08000ee6                HAL_SYSTICK_Config
 *fill*         0x08000efe        0x2 
 .text.HAL_GPIO_Init
                0x08000f00      0x324 Drivers\STM32L4xx_HAL_Driver\Src\stm32l4xx_hal_gpio.o
                0x08000f00                HAL_GPIO_Init
 .text.HAL_GPIO_WritePin
                0x08001224       0x30 Drivers\STM32L4xx_HAL_Driver\Src\stm32l4xx_hal_gpio.o
                0x08001224                HAL_GPIO_WritePin
 .text.HAL_HCD_Init
                0x08001254       0xc4 Drivers\STM32L4xx_HAL_Driver\Src\stm32l4xx_hal_hcd.o
                0x08001254                HAL_HCD_Init
 .text.HAL_HCD_HC_Init
                0x08001318      0x11e Drivers\STM32L4xx_HAL_Driver\Src\stm32l4xx_hal_hcd.o
                0x08001318                HAL_HCD_HC_Init
 .text.HAL_HCD_HC_Halt
                0x08001436       0x46 Drivers\STM32L4xx_HAL_Driver\Src\stm32l4xx_hal_hcd.o
                0x08001436                HAL_HCD_HC_Halt
 .text.HAL_HCD_HC_SubmitRequest
                0x0800147c      0x2a4 Drivers\STM32L4xx_HAL_Driver\Src\stm32l4xx_hal_hcd.o
                0x0800147c                HAL_HCD_HC_SubmitRequest
 .text.HAL_HCD_IRQHandler
                0x08001720      0x216 Drivers\STM32L4xx_HAL_Driver\Src\stm32l4xx_hal_hcd.o
                0x08001720                HAL_HCD_IRQHandler
 .text.HAL_HCD_Start
                0x08001936       0x46 Drivers\STM32L4xx_HAL_Driver\Src\stm32l4xx_hal_hcd.o
                0x08001936                HAL_HCD_Start
 .text.HAL_HCD_Stop
                0x0800197c       0x3a Drivers\STM32L4xx_HAL_Driver\Src\stm32l4xx_hal_hcd.o
                0x0800197c                HAL_HCD_Stop
 .text.HAL_HCD_ResetPort
                0x080019b6       0x1c Drivers\STM32L4xx_HAL_Driver\Src\stm32l4xx_hal_hcd.o
                0x080019b6                HAL_HCD_ResetPort
 .text.HAL_HCD_HC_GetURBState
                0x080019d2       0x28 Drivers\STM32L4xx_HAL_Driver\Src\stm32l4xx_hal_hcd.o
                0x080019d2                HAL_HCD_HC_GetURBState
 .text.HAL_HCD_HC_GetXferCount
                0x080019fa       0x28 Drivers\STM32L4xx_HAL_Driver\Src\stm32l4xx_hal_hcd.o
                0x080019fa                HAL_HCD_HC_GetXferCount
 .text.HAL_HCD_GetCurrentFrame
                0x08001a22       0x1c Drivers\STM32L4xx_HAL_Driver\Src\stm32l4xx_hal_hcd.o
                0x08001a22                HAL_HCD_GetCurrentFrame
 .text.HAL_HCD_GetCurrentSpeed
                0x08001a3e       0x1c Drivers\STM32L4xx_HAL_Driver\Src\stm32l4xx_hal_hcd.o
                0x08001a3e                HAL_HCD_GetCurrentSpeed
 .text.HCD_HC_IN_IRQHandler
                0x08001a5a      0x66c Drivers\STM32L4xx_HAL_Driver\Src\stm32l4xx_hal_hcd.o
 .text.HCD_HC_OUT_IRQHandler
                0x080020c6      0x606 Drivers\STM32L4xx_HAL_Driver\Src\stm32l4xx_hal_hcd.o
 .text.HCD_RXQLVL_IRQHandler
                0x080026cc      0x1a2 Drivers\STM32L4xx_HAL_Driver\Src\stm32l4xx_hal_hcd.o
 .text.HCD_Port_IRQHandler
                0x0800286e       0xe6 Drivers\STM32L4xx_HAL_Driver\Src\stm32l4xx_hal_hcd.o
 .text.HAL_PWR_EnableBkUpAccess
                0x08002954       0x20 Drivers\STM32L4xx_HAL_Driver\Src\stm32l4xx_hal_pwr.o
                0x08002954                HAL_PWR_EnableBkUpAccess
 .text.HAL_PWREx_GetVoltageRange
                0x08002974       0x1c Drivers\STM32L4xx_HAL_Driver\Src\stm32l4xx_hal_pwr_ex.o
                0x08002974                HAL_PWREx_GetVoltageRange
 .text.HAL_PWREx_ControlVoltageScaling
                0x08002990       0xac Drivers\STM32L4xx_HAL_Driver\Src\stm32l4xx_hal_pwr_ex.o
                0x08002990                HAL_PWREx_ControlVoltageScaling
 .text.HAL_PWREx_EnableVddUSB
                0x08002a3c       0x20 Drivers\STM32L4xx_HAL_Driver\Src\stm32l4xx_hal_pwr_ex.o
                0x08002a3c                HAL_PWREx_EnableVddUSB
 .text.HAL_PWREx_EnableVddIO2
                0x08002a5c       0x20 Drivers\STM32L4xx_HAL_Driver\Src\stm32l4xx_hal_pwr_ex.o
                0x08002a5c                HAL_PWREx_EnableVddIO2
 .text.HAL_RCC_OscConfig
                0x08002a7c      0x830 Drivers\STM32L4xx_HAL_Driver\Src\stm32l4xx_hal_rcc.o
                0x08002a7c                HAL_RCC_OscConfig
 .text.HAL_RCC_ClockConfig
                0x080032ac      0x200 Drivers\STM32L4xx_HAL_Driver\Src\stm32l4xx_hal_rcc.o
                0x080032ac                HAL_RCC_ClockConfig
 .text.HAL_RCC_GetSysClockFreq
                0x080034ac      0x114 Drivers\STM32L4xx_HAL_Driver\Src\stm32l4xx_hal_rcc.o
                0x080034ac                HAL_RCC_GetSysClockFreq
 .text.HAL_RCC_GetHCLKFreq
                0x080035c0       0x18 Drivers\STM32L4xx_HAL_Driver\Src\stm32l4xx_hal_rcc.o
                0x080035c0                HAL_RCC_GetHCLKFreq
 .text.HAL_RCC_GetPCLK1Freq
                0x080035d8       0x2c Drivers\STM32L4xx_HAL_Driver\Src\stm32l4xx_hal_rcc.o
                0x080035d8                HAL_RCC_GetPCLK1Freq
 .text.HAL_RCC_GetPCLK2Freq
                0x08003604       0x2c Drivers\STM32L4xx_HAL_Driver\Src\stm32l4xx_hal_rcc.o
                0x08003604                HAL_RCC_GetPCLK2Freq
 .text.RCC_SetFlashLatencyFromMSIRange
                0x08003630       0xc0 Drivers\STM32L4xx_HAL_Driver\Src\stm32l4xx_hal_rcc.o
 .text.HAL_RCCEx_PeriphCLKConfig
                0x080036f0      0x5f0 Drivers\STM32L4xx_HAL_Driver\Src\stm32l4xx_hal_rcc_ex.o
                0x080036f0                HAL_RCCEx_PeriphCLKConfig
 .text.HAL_RCCEx_EnableMSIPLLMode
                0x08003ce0       0x20 Drivers\STM32L4xx_HAL_Driver\Src\stm32l4xx_hal_rcc_ex.o
                0x08003ce0                HAL_RCCEx_EnableMSIPLLMode
 .text.RCCEx_PLLSAI1_Config
                0x08003d00      0x1e0 Drivers\STM32L4xx_HAL_Driver\Src\stm32l4xx_hal_rcc_ex.o
 .text.RCCEx_PLLSAI2_Config
                0x08003ee0      0x1b4 Drivers\STM32L4xx_HAL_Driver\Src\stm32l4xx_hal_rcc_ex.o
 .text.HAL_UART_Init
                0x08004094       0x9c Drivers\STM32L4xx_HAL_Driver\Src\stm32l4xx_hal_uart.o
                0x08004094                HAL_UART_Init
 .text.HAL_UART_Transmit
                0x08004130      0x128 Drivers\STM32L4xx_HAL_Driver\Src\stm32l4xx_hal_uart.o
                0x08004130                HAL_UART_Transmit
 .text.UART_SetConfig
                0x08004258      0x508 Drivers\STM32L4xx_HAL_Driver\Src\stm32l4xx_hal_uart.o
                0x08004258                UART_SetConfig
 .text.UART_AdvFeatureConfig
                0x08004760      0x144 Drivers\STM32L4xx_HAL_Driver\Src\stm32l4xx_hal_uart.o
                0x08004760                UART_AdvFeatureConfig
 .text.UART_CheckIdleState
                0x080048a4       0x92 Drivers\STM32L4xx_HAL_Driver\Src\stm32l4xx_hal_uart.o
                0x080048a4                UART_CheckIdleState
 .text.UART_WaitOnFlagUntilTimeout
                0x08004936      0x188 Drivers\STM32L4xx_HAL_Driver\Src\stm32l4xx_hal_uart.o
                0x08004936                UART_WaitOnFlagUntilTimeout
 .text.USB_CoreInit
                0x08004abe       0x58 Drivers\STM32L4xx_HAL_Driver\Src\stm32l4xx_ll_usb.o
                0x08004abe                USB_CoreInit
 .text.USB_EnableGlobalInt
                0x08004b16       0x22 Drivers\STM32L4xx_HAL_Driver\Src\stm32l4xx_ll_usb.o
                0x08004b16                USB_EnableGlobalInt
 .text.USB_DisableGlobalInt
                0x08004b38       0x22 Drivers\STM32L4xx_HAL_Driver\Src\stm32l4xx_ll_usb.o
                0x08004b38                USB_DisableGlobalInt
 .text.USB_SetCurrentMode
                0x08004b5a       0x98 Drivers\STM32L4xx_HAL_Driver\Src\stm32l4xx_ll_usb.o
                0x08004b5a                USB_SetCurrentMode
 *fill*         0x08004bf2        0x2 
 .text.USB_FlushTxFifo
                0x08004bf4       0x68 Drivers\STM32L4xx_HAL_Driver\Src\stm32l4xx_ll_usb.o
                0x08004bf4                USB_FlushTxFifo
 .text.USB_FlushRxFifo
                0x08004c5c       0x60 Drivers\STM32L4xx_HAL_Driver\Src\stm32l4xx_ll_usb.o
                0x08004c5c                USB_FlushRxFifo
 .text.USB_WritePacket
                0x08004cbc       0x74 Drivers\STM32L4xx_HAL_Driver\Src\stm32l4xx_ll_usb.o
                0x08004cbc                USB_WritePacket
 .text.USB_ReadPacket
                0x08004d30       0xae Drivers\STM32L4xx_HAL_Driver\Src\stm32l4xx_ll_usb.o
                0x08004d30                USB_ReadPacket
 .text.USB_ReadInterrupts
                0x08004dde       0x26 Drivers\STM32L4xx_HAL_Driver\Src\stm32l4xx_ll_usb.o
                0x08004dde                USB_ReadInterrupts
 .text.USB_GetMode
                0x08004e04       0x1c Drivers\STM32L4xx_HAL_Driver\Src\stm32l4xx_ll_usb.o
                0x08004e04                USB_GetMode
 .text.USB_CoreReset
                0x08004e20       0x68 Drivers\STM32L4xx_HAL_Driver\Src\stm32l4xx_ll_usb.o
 .text.USB_HostInit
                0x08004e88      0x108 Drivers\STM32L4xx_HAL_Driver\Src\stm32l4xx_ll_usb.o
                0x08004e88                USB_HostInit
 .text.USB_InitFSLSPClkSel
                0x08004f90       0x78 Drivers\STM32L4xx_HAL_Driver\Src\stm32l4xx_ll_usb.o
                0x08004f90                USB_InitFSLSPClkSel
 .text.USB_ResetPort
                0x08005008       0x58 Drivers\STM32L4xx_HAL_Driver\Src\stm32l4xx_ll_usb.o
                0x08005008                USB_ResetPort
 .text.USB_DriveVbus
                0x08005060       0x76 Drivers\STM32L4xx_HAL_Driver\Src\stm32l4xx_ll_usb.o
                0x08005060                USB_DriveVbus
 .text.USB_GetHostSpeed
                0x080050d6       0x2e Drivers\STM32L4xx_HAL_Driver\Src\stm32l4xx_ll_usb.o
                0x080050d6                USB_GetHostSpeed
 .text.USB_GetCurrentFrame
                0x08005104       0x22 Drivers\STM32L4xx_HAL_Driver\Src\stm32l4xx_ll_usb.o
                0x08005104                USB_GetCurrentFrame
 *fill*         0x08005126        0x2 
 .text.USB_HC_Init
                0x08005128      0x224 Drivers\STM32L4xx_HAL_Driver\Src\stm32l4xx_ll_usb.o
                0x08005128                USB_HC_Init
 .text.USB_HC_StartXfer
                0x0800534c      0x1f8 Drivers\STM32L4xx_HAL_Driver\Src\stm32l4xx_ll_usb.o
                0x0800534c                USB_HC_StartXfer
 .text.USB_HC_ReadInterrupt
                0x08005544       0x22 Drivers\STM32L4xx_HAL_Driver\Src\stm32l4xx_ll_usb.o
                0x08005544                USB_HC_ReadInterrupt
 .text.USB_HC_Halt
                0x08005566      0x208 Drivers\STM32L4xx_HAL_Driver\Src\stm32l4xx_ll_usb.o
                0x08005566                USB_HC_Halt
 .text.USB_StopHost
                0x0800576e      0x124 Drivers\STM32L4xx_HAL_Driver\Src\stm32l4xx_ll_usb.o
                0x0800576e                USB_StopHost
 *fill*         0x08005892        0x2 
 .text.USBH_HID_InterfaceInit
                0x08005894      0x2f4 Middlewares\ST\STM32_USB_Host_Library\Class\HID\Src\usbh_hid.o
 .text.USBH_HID_InterfaceDeInit
                0x08005b88       0x8c Middlewares\ST\STM32_USB_Host_Library\Class\HID\Src\usbh_hid.o
 .text.USBH_HID_ClassRequest
                0x08005c14      0x12c Middlewares\ST\STM32_USB_Host_Library\Class\HID\Src\usbh_hid.o
 .text.USBH_HID_Process
                0x08005d40      0x188 Middlewares\ST\STM32_USB_Host_Library\Class\HID\Src\usbh_hid.o
 .text.USBH_HID_SOFProcess
                0x08005ec8       0x42 Middlewares\ST\STM32_USB_Host_Library\Class\HID\Src\usbh_hid.o
 .text.USBH_HID_GetHIDReportDescriptor
                0x08005f0a       0x32 Middlewares\ST\STM32_USB_Host_Library\Class\HID\Src\usbh_hid.o
                0x08005f0a                USBH_HID_GetHIDReportDescriptor
 .text.USBH_HID_SetIdle
                0x08005f3c       0x50 Middlewares\ST\STM32_USB_Host_Library\Class\HID\Src\usbh_hid.o
                0x08005f3c                USBH_HID_SetIdle
 .text.USBH_HID_GetReport
                0x08005f8c       0x58 Middlewares\ST\STM32_USB_Host_Library\Class\HID\Src\usbh_hid.o
                0x08005f8c                USBH_HID_GetReport
 .text.USBH_HID_SetProtocol
                0x08005fe4       0x4c Middlewares\ST\STM32_USB_Host_Library\Class\HID\Src\usbh_hid.o
                0x08005fe4                USBH_HID_SetProtocol
 .text.USBH_HID_ParseHIDDesc
                0x08006030       0xbc Middlewares\ST\STM32_USB_Host_Library\Class\HID\Src\usbh_hid.o
 .text.USBH_HID_GetDeviceType
                0x080060ec       0x54 Middlewares\ST\STM32_USB_Host_Library\Class\HID\Src\usbh_hid.o
                0x080060ec                USBH_HID_GetDeviceType
 .text.USBH_HID_FifoInit
                0x08006140       0x38 Middlewares\ST\STM32_USB_Host_Library\Class\HID\Src\usbh_hid.o
                0x08006140                USBH_HID_FifoInit
 .text.USBH_HID_FifoRead
                0x08006178       0x92 Middlewares\ST\STM32_USB_Host_Library\Class\HID\Src\usbh_hid.o
                0x08006178                USBH_HID_FifoRead
 .text.USBH_HID_FifoWrite
                0x0800620a       0xa8 Middlewares\ST\STM32_USB_Host_Library\Class\HID\Src\usbh_hid.o
                0x0800620a                USBH_HID_FifoWrite
 *fill*         0x080062b2        0x2 
 .text.USBH_HID_KeybdInit
                0x080062b4       0xb0 Middlewares\ST\STM32_USB_Host_Library\Class\HID\Src\usbh_hid_keybd.o
                0x080062b4                USBH_HID_KeybdInit
 .text.USBH_HID_GetKeybdInfo
                0x08006364       0x28 Middlewares\ST\STM32_USB_Host_Library\Class\HID\Src\usbh_hid_keybd.o
                0x08006364                USBH_HID_GetKeybdInfo
 .text.USBH_HID_KeybdDecode
                0x0800638c      0x120 Middlewares\ST\STM32_USB_Host_Library\Class\HID\Src\usbh_hid_keybd.o
 .text.USBH_HID_MouseInit
                0x080064ac       0x94 Middlewares\ST\STM32_USB_Host_Library\Class\HID\Src\usbh_hid_mouse.o
                0x080064ac                USBH_HID_MouseInit
 .text.HID_ReadItem
                0x08006540      0x130 Middlewares\ST\STM32_USB_Host_Library\Class\HID\Src\usbh_hid_parser.o
                0x08006540                HID_ReadItem
 .text.USBH_Init
                0x08006670       0x90 Middlewares\ST\STM32_USB_Host_Library\Core\Src\usbh_core.o
                0x08006670                USBH_Init
 .text.DeInitStateMachine
                0x08006700       0xa8 Middlewares\ST\STM32_USB_Host_Library\Core\Src\usbh_core.o
 .text.USBH_RegisterClass
                0x080067a8       0x80 Middlewares\ST\STM32_USB_Host_Library\Core\Src\usbh_core.o
                0x080067a8                USBH_RegisterClass
 .text.USBH_SelectInterface
                0x08006828       0xd0 Middlewares\ST\STM32_USB_Host_Library\Core\Src\usbh_core.o
                0x08006828                USBH_SelectInterface
 .text.USBH_FindInterface
                0x080068f8       0x8c Middlewares\ST\STM32_USB_Host_Library\Core\Src\usbh_core.o
                0x080068f8                USBH_FindInterface
 .text.USBH_Start
                0x08006984       0x20 Middlewares\ST\STM32_USB_Host_Library\Core\Src\usbh_core.o
                0x08006984                USBH_Start
 .text.USBH_Process
                0x080069a4      0x4c0 Middlewares\ST\STM32_USB_Host_Library\Core\Src\usbh_core.o
                0x080069a4                USBH_Process
 .text.USBH_HandleEnum
                0x08006e64      0x560 Middlewares\ST\STM32_USB_Host_Library\Core\Src\usbh_core.o
 .text.USBH_LL_SetTimer
                0x080073c4       0x1e Middlewares\ST\STM32_USB_Host_Library\Core\Src\usbh_core.o
                0x080073c4                USBH_LL_SetTimer
 .text.USBH_LL_IncTimer
                0x080073e2       0x24 Middlewares\ST\STM32_USB_Host_Library\Core\Src\usbh_core.o
                0x080073e2                USBH_LL_IncTimer
 .text.USBH_HandleSof
                0x08007406       0x30 Middlewares\ST\STM32_USB_Host_Library\Core\Src\usbh_core.o
 .text.USBH_LL_PortEnabled
                0x08007436       0x1c Middlewares\ST\STM32_USB_Host_Library\Core\Src\usbh_core.o
                0x08007436                USBH_LL_PortEnabled
 .text.USBH_LL_PortDisabled
                0x08007452       0x1c Middlewares\ST\STM32_USB_Host_Library\Core\Src\usbh_core.o
                0x08007452                USBH_LL_PortDisabled
 .text.USBH_LL_Connect
                0x0800746e       0x2e Middlewares\ST\STM32_USB_Host_Library\Core\Src\usbh_core.o
                0x0800746e                USBH_LL_Connect
 .text.USBH_LL_Disconnect
                0x0800749c       0x48 Middlewares\ST\STM32_USB_Host_Library\Core\Src\usbh_core.o
                0x0800749c                USBH_LL_Disconnect
 .text.USBH_Get_DevDesc
                0x080074e4       0x50 Middlewares\ST\STM32_USB_Host_Library\Core\Src\usbh_ctlreq.o
                0x080074e4                USBH_Get_DevDesc
 .text.USBH_Get_CfgDesc
                0x08007534       0x48 Middlewares\ST\STM32_USB_Host_Library\Core\Src\usbh_ctlreq.o
                0x08007534                USBH_Get_CfgDesc
 .text.USBH_Get_StringDesc
                0x0800757c       0x56 Middlewares\ST\STM32_USB_Host_Library\Core\Src\usbh_ctlreq.o
                0x0800757c                USBH_Get_StringDesc
 .text.USBH_GetDescriptor
                0x080075d2       0x6a Middlewares\ST\STM32_USB_Host_Library\Core\Src\usbh_ctlreq.o
                0x080075d2                USBH_GetDescriptor
 .text.USBH_SetAddress
                0x0800763c       0x48 Middlewares\ST\STM32_USB_Host_Library\Core\Src\usbh_ctlreq.o
                0x0800763c                USBH_SetAddress
 .text.USBH_SetCfg
                0x08007684       0x46 Middlewares\ST\STM32_USB_Host_Library\Core\Src\usbh_ctlreq.o
                0x08007684                USBH_SetCfg
 .text.USBH_SetFeature
                0x080076ca       0x48 Middlewares\ST\STM32_USB_Host_Library\Core\Src\usbh_ctlreq.o
                0x080076ca                USBH_SetFeature
 .text.USBH_ClrFeature
                0x08007712       0x48 Middlewares\ST\STM32_USB_Host_Library\Core\Src\usbh_ctlreq.o
                0x08007712                USBH_ClrFeature
 .text.USBH_ParseDevDesc
                0x0800775a       0xe0 Middlewares\ST\STM32_USB_Host_Library\Core\Src\usbh_ctlreq.o
 .text.USBH_ParseCfgDesc
                0x0800783a      0x144 Middlewares\ST\STM32_USB_Host_Library\Core\Src\usbh_ctlreq.o
 .text.USBH_ParseInterfaceDesc
                0x0800797e       0x5e Middlewares\ST\STM32_USB_Host_Library\Core\Src\usbh_ctlreq.o
 .text.USBH_ParseEPDesc
                0x080079dc       0x5a Middlewares\ST\STM32_USB_Host_Library\Core\Src\usbh_ctlreq.o
 .text.USBH_ParseStringDesc
                0x08007a36       0x66 Middlewares\ST\STM32_USB_Host_Library\Core\Src\usbh_ctlreq.o
 .text.USBH_GetNextDesc
                0x08007a9c       0x36 Middlewares\ST\STM32_USB_Host_Library\Core\Src\usbh_ctlreq.o
                0x08007a9c                USBH_GetNextDesc
 .text.USBH_CtlReq
                0x08007ad2       0x7a Middlewares\ST\STM32_USB_Host_Library\Core\Src\usbh_ctlreq.o
                0x08007ad2                USBH_CtlReq
 .text.USBH_HandleControl
                0x08007b4c      0x308 Middlewares\ST\STM32_USB_Host_Library\Core\Src\usbh_ctlreq.o
 .text.USBH_CtlSendSetup
                0x08007e54       0x34 Middlewares\ST\STM32_USB_Host_Library\Core\Src\usbh_ioreq.o
                0x08007e54                USBH_CtlSendSetup
 .text.USBH_CtlSendData
                0x08007e88       0x4a Middlewares\ST\STM32_USB_Host_Library\Core\Src\usbh_ioreq.o
                0x08007e88                USBH_CtlSendData
 .text.USBH_CtlReceiveData
                0x08007ed2       0x3c Middlewares\ST\STM32_USB_Host_Library\Core\Src\usbh_ioreq.o
                0x08007ed2                USBH_CtlReceiveData
 .text.USBH_InterruptReceiveData
                0x08007f0e       0x3e Middlewares\ST\STM32_USB_Host_Library\Core\Src\usbh_ioreq.o
                0x08007f0e                USBH_InterruptReceiveData
 .text.USBH_OpenPipe
                0x08007f4c       0x3e Middlewares\ST\STM32_USB_Host_Library\Core\Src\usbh_pipes.o
                0x08007f4c                USBH_OpenPipe
 .text.USBH_ClosePipe
                0x08007f8a       0x20 Middlewares\ST\STM32_USB_Host_Library\Core\Src\usbh_pipes.o
                0x08007f8a                USBH_ClosePipe
 .text.USBH_AllocPipe
                0x08007faa       0x42 Middlewares\ST\STM32_USB_Host_Library\Core\Src\usbh_pipes.o
                0x08007faa                USBH_AllocPipe
 .text.USBH_FreePipe
                0x08007fec       0x3e Middlewares\ST\STM32_USB_Host_Library\Core\Src\usbh_pipes.o
                0x08007fec                USBH_FreePipe
 .text.USBH_GetFreePipe
                0x0800802a       0x48 Middlewares\ST\STM32_USB_Host_Library\Core\Src\usbh_pipes.o
 *fill*         0x08008072        0x2 
 .text.MX_USB_HOST_Init
                0x08008074       0x4c USB_HOST\App\usb_host.o
                0x08008074                MX_USB_HOST_Init
 .text.MX_USB_HOST_Process
                0x080080c0       0x14 USB_HOST\App\usb_host.o
                0x080080c0                MX_USB_HOST_Process
 .text.USBH_UserProcess
                0x080080d4       0x5c USB_HOST\App\usb_host.o
 .text.HAL_HCD_MspInit
                0x08008130      0x148 USB_HOST\Target\usbh_conf.o
                0x08008130                HAL_HCD_MspInit
 .text.HAL_HCD_SOF_Callback
                0x08008278       0x1c USB_HOST\Target\usbh_conf.o
                0x08008278                HAL_HCD_SOF_Callback
 .text.HAL_HCD_Connect_Callback
                0x08008294       0x1c USB_HOST\Target\usbh_conf.o
                0x08008294                HAL_HCD_Connect_Callback
 .text.HAL_HCD_Disconnect_Callback
                0x080082b0       0x1c USB_HOST\Target\usbh_conf.o
                0x080082b0                HAL_HCD_Disconnect_Callback
 .text.HAL_HCD_HC_NotifyURBChange_Callback
                0x080082cc       0x1c USB_HOST\Target\usbh_conf.o
                0x080082cc                HAL_HCD_HC_NotifyURBChange_Callback
 .text.HAL_HCD_PortEnabled_Callback
                0x080082e8       0x1c USB_HOST\Target\usbh_conf.o
                0x080082e8                HAL_HCD_PortEnabled_Callback
 .text.HAL_HCD_PortDisabled_Callback
                0x08008304       0x1c USB_HOST\Target\usbh_conf.o
                0x08008304                HAL_HCD_PortDisabled_Callback
 .text.USBH_LL_Init
                0x08008320       0x78 USB_HOST\Target\usbh_conf.o
                0x08008320                USBH_LL_Init
 .text.USBH_LL_Start
                0x08008398       0x36 USB_HOST\Target\usbh_conf.o
                0x08008398                USBH_LL_Start
 .text.USBH_LL_Stop
                0x080083ce       0x36 USB_HOST\Target\usbh_conf.o
                0x080083ce                USBH_LL_Stop
 .text.USBH_LL_GetSpeed
                0x08008404       0x4a USB_HOST\Target\usbh_conf.o
                0x08008404                USBH_LL_GetSpeed
 .text.USBH_LL_ResetPort
                0x0800844e       0x36 USB_HOST\Target\usbh_conf.o
                0x0800844e                USBH_LL_ResetPort
 .text.USBH_LL_GetLastXferSize
                0x08008484       0x26 USB_HOST\Target\usbh_conf.o
                0x08008484                USBH_LL_GetLastXferSize
 .text.USBH_LL_OpenPipe
                0x080084aa       0x5e USB_HOST\Target\usbh_conf.o
                0x080084aa                USBH_LL_OpenPipe
 .text.USBH_LL_ClosePipe
                0x08008508       0x3e USB_HOST\Target\usbh_conf.o
                0x08008508                USBH_LL_ClosePipe
 .text.USBH_LL_SubmitURB
                0x08008546       0x62 USB_HOST\Target\usbh_conf.o
                0x08008546                USBH_LL_SubmitURB
 .text.USBH_LL_GetURBState
                0x080085a8       0x26 USB_HOST\Target\usbh_conf.o
                0x080085a8                USBH_LL_GetURBState
 .text.USBH_LL_DriverVBUS
                0x080085ce       0x2e USB_HOST\Target\usbh_conf.o
                0x080085ce                USBH_LL_DriverVBUS
 .text.USBH_LL_SetToggle
                0x080085fc       0x60 USB_HOST\Target\usbh_conf.o
                0x080085fc                USBH_LL_SetToggle
 .text.USBH_Delay
                0x0800865c       0x16 USB_HOST\Target\usbh_conf.o
                0x0800865c                USBH_Delay
 *fill*         0x08008672        0x2 
 .text.USBH_Get_USB_Status
                0x08008674       0x58 USB_HOST\Target\usbh_conf.o
                0x08008674                USBH_Get_USB_Status
 .text.MX_DriverVbusFS
                0x080086cc       0x38 USB_HOST\Target\usbh_platform.o
                0x080086cc                MX_DriverVbusFS
 .text.Reset_Handler
                0x08008704       0x50 startup\startup_stm32l496xx.o
                0x08008704                Reset_Handler
 .text.Default_Handler
                0x08008754        0x2 startup\startup_stm32l496xx.o
                0x08008754                RTC_Alarm_IRQHandler
                0x08008754                EXTI2_IRQHandler
                0x08008754                TIM8_TRG_COM_IRQHandler
                0x08008754                TIM8_CC_IRQHandler
                0x08008754                TIM1_CC_IRQHandler
                0x08008754                TSC_IRQHandler
                0x08008754                TAMP_STAMP_IRQHandler
                0x08008754                CAN2_RX1_IRQHandler
                0x08008754                EXTI3_IRQHandler
                0x08008754                LPTIM2_IRQHandler
                0x08008754                DFSDM1_FLT1_IRQHandler
                0x08008754                I2C3_ER_IRQHandler
                0x08008754                DFSDM1_FLT2_IRQHandler
                0x08008754                EXTI0_IRQHandler
                0x08008754                I2C2_EV_IRQHandler
                0x08008754                CAN1_RX0_IRQHandler
                0x08008754                FPU_IRQHandler
                0x08008754                TIM1_UP_TIM16_IRQHandler
                0x08008754                CAN2_SCE_IRQHandler
                0x08008754                ADC1_2_IRQHandler
                0x08008754                SPI1_IRQHandler
                0x08008754                TIM6_DAC_IRQHandler
                0x08008754                DCMI_IRQHandler
                0x08008754                CAN2_RX0_IRQHandler
                0x08008754                TIM8_UP_IRQHandler
                0x08008754                DMA2_Channel2_IRQHandler
                0x08008754                DMA1_Channel4_IRQHandler
                0x08008754                SAI2_IRQHandler
                0x08008754                DFSDM1_FLT3_IRQHandler
                0x08008754                USART3_IRQHandler
                0x08008754                DMA1_Channel7_IRQHandler
                0x08008754                CAN1_RX1_IRQHandler
                0x08008754                LCD_IRQHandler
                0x08008754                UART5_IRQHandler
                0x08008754                ADC3_IRQHandler
                0x08008754                TIM4_IRQHandler
                0x08008754                DMA2_Channel1_IRQHandler
                0x08008754                QUADSPI_IRQHandler
                0x08008754                I2C1_EV_IRQHandler
                0x08008754                DMA1_Channel6_IRQHandler
                0x08008754                UART4_IRQHandler
                0x08008754                DMA2_Channel4_IRQHandler
                0x08008754                TIM3_IRQHandler
                0x08008754                RCC_IRQHandler
                0x08008754                DMA1_Channel1_IRQHandler
                0x08008754                Default_Handler
                0x08008754                DMA2_Channel7_IRQHandler
                0x08008754                EXTI15_10_IRQHandler
                0x08008754                TIM7_IRQHandler
                0x08008754                SDMMC1_IRQHandler
                0x08008754                CAN2_TX_IRQHandler
                0x08008754                TIM5_IRQHandler
                0x08008754                I2C3_EV_IRQHandler
                0x08008754                EXTI9_5_IRQHandler
                0x08008754                RTC_WKUP_IRQHandler
                0x08008754                PVD_PVM_IRQHandler
                0x08008754                SPI2_IRQHandler
                0x08008754                CAN1_TX_IRQHandler
                0x08008754                DMA2_Channel5_IRQHandler
                0x08008754                CRS_IRQHandler
                0x08008754                DMA1_Channel5_IRQHandler
                0x08008754                EXTI4_IRQHandler
                0x08008754                RNG_IRQHandler
                0x08008754                TIM1_TRG_COM_TIM17_IRQHandler
                0x08008754                DMA1_Channel3_IRQHandler
                0x08008754                COMP_IRQHandler
                0x08008754                WWDG_IRQHandler
                0x08008754                I2C4_EV_IRQHandler
                0x08008754                LPUART1_IRQHandler
                0x08008754                DMA2_Channel6_IRQHandler
                0x08008754                TIM2_IRQHandler
                0x08008754                EXTI1_IRQHandler
                0x08008754                USART2_IRQHandler
                0x08008754                DFSDM1_FLT0_IRQHandler
                0x08008754                I2C2_ER_IRQHandler
                0x08008754                DMA1_Channel2_IRQHandler
                0x08008754                TIM8_BRK_IRQHandler
                0x08008754                CAN1_SCE_IRQHandler
                0x08008754                FLASH_IRQHandler
                0x08008754                USART1_IRQHandler
                0x08008754                SPI3_IRQHandler
                0x08008754                I2C1_ER_IRQHandler
                0x08008754                FMC_IRQHandler
                0x08008754                SWPMI1_IRQHandler
                0x08008754                LPTIM1_IRQHandler
                0x08008754                I2C4_ER_IRQHandler
                0x08008754                SAI1_IRQHandler
                0x08008754                DMA2_Channel3_IRQHandler
                0x08008754                TIM1_BRK_TIM15_IRQHandler
 *fill*         0x08008756        0x2 
 .text.__errno  0x08008758        0xc c:/program files (x86)/atollic/truestudio for stm32 9.3.0/armtools/bin/../lib/gcc/arm-atollic-eabi/6.3.1/../../../../arm-atollic-eabi/lib/armv7e-m/fpu\libc_nano.a(lib_a-errno.o)
                0x08008758                __errno
 .text.__libc_init_array
                0x08008764       0x48 c:/program files (x86)/atollic/truestudio for stm32 9.3.0/armtools/bin/../lib/gcc/arm-atollic-eabi/6.3.1/../../../../arm-atollic-eabi/lib/armv7e-m/fpu\libc_nano.a(lib_a-init.o)
                0x08008764                __libc_init_array
 .text.malloc   0x080087ac       0x10 c:/program files (x86)/atollic/truestudio for stm32 9.3.0/armtools/bin/../lib/gcc/arm-atollic-eabi/6.3.1/../../../../arm-atollic-eabi/lib/armv7e-m/fpu\libc_nano.a(lib_a-malloc.o)
                0x080087ac                malloc
 .text.free     0x080087bc       0x10 c:/program files (x86)/atollic/truestudio for stm32 9.3.0/armtools/bin/../lib/gcc/arm-atollic-eabi/6.3.1/../../../../arm-atollic-eabi/lib/armv7e-m/fpu\libc_nano.a(lib_a-malloc.o)
                0x080087bc                free
 .text.memset   0x080087cc       0x10 c:/program files (x86)/atollic/truestudio for stm32 9.3.0/armtools/bin/../lib/gcc/arm-atollic-eabi/6.3.1/../../../../arm-atollic-eabi/lib/armv7e-m/fpu\libc_nano.a(lib_a-memset.o)
                0x080087cc                memset
 .text._free_r  0x080087dc       0x9c c:/program files (x86)/atollic/truestudio for stm32 9.3.0/armtools/bin/../lib/gcc/arm-atollic-eabi/6.3.1/../../../../arm-atollic-eabi/lib/armv7e-m/fpu\libc_nano.a(lib_a-nano-freer.o)
                0x080087dc                _free_r
 .text._malloc_r
                0x08008878       0xbc c:/program files (x86)/atollic/truestudio for stm32 9.3.0/armtools/bin/../lib/gcc/arm-atollic-eabi/6.3.1/../../../../arm-atollic-eabi/lib/armv7e-m/fpu\libc_nano.a(lib_a-nano-mallocr.o)
                0x08008878                _malloc_r
 .text.printf   0x08008934       0x30 c:/program files (x86)/atollic/truestudio for stm32 9.3.0/armtools/bin/../lib/gcc/arm-atollic-eabi/6.3.1/../../../../arm-atollic-eabi/lib/armv7e-m/fpu\libc_nano.a(lib_a-printf.o)
                0x08008934                iprintf
                0x08008934                printf
 .text.putchar  0x08008964       0x28 c:/program files (x86)/atollic/truestudio for stm32 9.3.0/armtools/bin/../lib/gcc/arm-atollic-eabi/6.3.1/../../../../arm-atollic-eabi/lib/armv7e-m/fpu\libc_nano.a(lib_a-putchar.o)
                0x08008964                putchar
 .text._sbrk_r  0x0800898c       0x20 c:/program files (x86)/atollic/truestudio for stm32 9.3.0/armtools/bin/../lib/gcc/arm-atollic-eabi/6.3.1/../../../../arm-atollic-eabi/lib/armv7e-m/fpu\libc_nano.a(lib_a-sbrkr.o)
                0x0800898c                _sbrk_r
 .text.sprintf  0x080089ac       0x48 c:/program files (x86)/atollic/truestudio for stm32 9.3.0/armtools/bin/../lib/gcc/arm-atollic-eabi/6.3.1/../../../../arm-atollic-eabi/lib/armv7e-m/fpu\libc_nano.a(lib_a-sprintf.o)
                0x080089ac                siprintf
                0x080089ac                sprintf
 .text._cleanup_r
                0x080089f4        0xc c:/program files (x86)/atollic/truestudio for stm32 9.3.0/armtools/bin/../lib/gcc/arm-atollic-eabi/6.3.1/../../../../arm-atollic-eabi/lib/armv7e-m/fpu\libc_nano.a(lib_a-findfp.o)
                0x080089f4                _cleanup_r
 .text.std.isra.0
                0x08008a00       0x48 c:/program files (x86)/atollic/truestudio for stm32 9.3.0/armtools/bin/../lib/gcc/arm-atollic-eabi/6.3.1/../../../../arm-atollic-eabi/lib/armv7e-m/fpu\libc_nano.a(lib_a-findfp.o)
 .text.__sfmoreglue
                0x08008a48       0x2c c:/program files (x86)/atollic/truestudio for stm32 9.3.0/armtools/bin/../lib/gcc/arm-atollic-eabi/6.3.1/../../../../arm-atollic-eabi/lib/armv7e-m/fpu\libc_nano.a(lib_a-findfp.o)
                0x08008a48                __sfmoreglue
 .text.__sinit  0x08008a74       0x60 c:/program files (x86)/atollic/truestudio for stm32 9.3.0/armtools/bin/../lib/gcc/arm-atollic-eabi/6.3.1/../../../../arm-atollic-eabi/lib/armv7e-m/fpu\libc_nano.a(lib_a-findfp.o)
                0x08008a74                __sinit
 .text.__sfp    0x08008ad4       0x78 c:/program files (x86)/atollic/truestudio for stm32 9.3.0/armtools/bin/../lib/gcc/arm-atollic-eabi/6.3.1/../../../../arm-atollic-eabi/lib/armv7e-m/fpu\libc_nano.a(lib_a-findfp.o)
                0x08008ad4                __sfp
 .text._fwalk_reent
                0x08008b4c       0x3c c:/program files (x86)/atollic/truestudio for stm32 9.3.0/armtools/bin/../lib/gcc/arm-atollic-eabi/6.3.1/../../../../arm-atollic-eabi/lib/armv7e-m/fpu\libc_nano.a(lib_a-fwalk.o)
                0x08008b4c                _fwalk_reent
 .text.__malloc_lock
                0x08008b88        0x2 c:/program files (x86)/atollic/truestudio for stm32 9.3.0/armtools/bin/../lib/gcc/arm-atollic-eabi/6.3.1/../../../../arm-atollic-eabi/lib/armv7e-m/fpu\libc_nano.a(lib_a-mlock.o)
                0x08008b88                __malloc_lock
 .text.__malloc_unlock
                0x08008b8a        0x2 c:/program files (x86)/atollic/truestudio for stm32 9.3.0/armtools/bin/../lib/gcc/arm-atollic-eabi/6.3.1/../../../../arm-atollic-eabi/lib/armv7e-m/fpu\libc_nano.a(lib_a-mlock.o)
                0x08008b8a                __malloc_unlock
 .text.__ssputs_r
                0x08008b8c       0xb6 c:/program files (x86)/atollic/truestudio for stm32 9.3.0/armtools/bin/../lib/gcc/arm-atollic-eabi/6.3.1/../../../../arm-atollic-eabi/lib/armv7e-m/fpu\libc_nano.a(lib_a-nano-svfprintf.o)
                0x08008b8c                __ssputs_r
 *fill*         0x08008c42        0x2 
 .text._svfprintf_r
                0x08008c44      0x1e8 c:/program files (x86)/atollic/truestudio for stm32 9.3.0/armtools/bin/../lib/gcc/arm-atollic-eabi/6.3.1/../../../../arm-atollic-eabi/lib/armv7e-m/fpu\libc_nano.a(lib_a-nano-svfprintf.o)
                0x08008c44                _svfiprintf_r
                0x08008c44                _svfprintf_r
 .text.__sfputc_r
                0x08008e2c       0x30 c:/program files (x86)/atollic/truestudio for stm32 9.3.0/armtools/bin/../lib/gcc/arm-atollic-eabi/6.3.1/../../../../arm-atollic-eabi/lib/armv7e-m/fpu\libc_nano.a(lib_a-nano-vfprintf.o)
 .text.__sfputs_r
                0x08008e5c       0x24 c:/program files (x86)/atollic/truestudio for stm32 9.3.0/armtools/bin/../lib/gcc/arm-atollic-eabi/6.3.1/../../../../arm-atollic-eabi/lib/armv7e-m/fpu\libc_nano.a(lib_a-nano-vfprintf.o)
                0x08008e5c                __sfputs_r
 .text._vfprintf_r
                0x08008e80      0x22c c:/program files (x86)/atollic/truestudio for stm32 9.3.0/armtools/bin/../lib/gcc/arm-atollic-eabi/6.3.1/../../../../arm-atollic-eabi/lib/armv7e-m/fpu\libc_nano.a(lib_a-nano-vfprintf.o)
                0x08008e80                _vfprintf_r
                0x08008e80                _vfiprintf_r
 .text._printf_common
                0x080090ac       0xec c:/program files (x86)/atollic/truestudio for stm32 9.3.0/armtools/bin/../lib/gcc/arm-atollic-eabi/6.3.1/../../../../arm-atollic-eabi/lib/armv7e-m/fpu\libc_nano.a(lib_a-nano-vfprintf_i.o)
                0x080090ac                _printf_common
 .text._printf_i
                0x08009198      0x240 c:/program files (x86)/atollic/truestudio for stm32 9.3.0/armtools/bin/../lib/gcc/arm-atollic-eabi/6.3.1/../../../../arm-atollic-eabi/lib/armv7e-m/fpu\libc_nano.a(lib_a-nano-vfprintf_i.o)
                0x08009198                _printf_i
 .text._putc_r  0x080093d8       0x6c c:/program files (x86)/atollic/truestudio for stm32 9.3.0/armtools/bin/../lib/gcc/arm-atollic-eabi/6.3.1/../../../../arm-atollic-eabi/lib/armv7e-m/fpu\libc_nano.a(lib_a-putc.o)
                0x080093d8                _putc_r
 .text.__sread  0x08009444       0x22 c:/program files (x86)/atollic/truestudio for stm32 9.3.0/armtools/bin/../lib/gcc/arm-atollic-eabi/6.3.1/../../../../arm-atollic-eabi/lib/armv7e-m/fpu\libc_nano.a(lib_a-stdio.o)
                0x08009444                __sread
 .text.__swrite
                0x08009466       0x38 c:/program files (x86)/atollic/truestudio for stm32 9.3.0/armtools/bin/../lib/gcc/arm-atollic-eabi/6.3.1/../../../../arm-atollic-eabi/lib/armv7e-m/fpu\libc_nano.a(lib_a-stdio.o)
                0x08009466                __swrite
 .text.__sseek  0x0800949e       0x24 c:/program files (x86)/atollic/truestudio for stm32 9.3.0/armtools/bin/../lib/gcc/arm-atollic-eabi/6.3.1/../../../../arm-atollic-eabi/lib/armv7e-m/fpu\libc_nano.a(lib_a-stdio.o)
                0x0800949e                __sseek
 .text.__sclose
                0x080094c2        0x8 c:/program files (x86)/atollic/truestudio for stm32 9.3.0/armtools/bin/../lib/gcc/arm-atollic-eabi/6.3.1/../../../../arm-atollic-eabi/lib/armv7e-m/fpu\libc_nano.a(lib_a-stdio.o)
                0x080094c2                __sclose
 *fill*         0x080094ca        0x2 
 .text.__swbuf_r
                0x080094cc       0xa4 c:/program files (x86)/atollic/truestudio for stm32 9.3.0/armtools/bin/../lib/gcc/arm-atollic-eabi/6.3.1/../../../../arm-atollic-eabi/lib/armv7e-m/fpu\libc_nano.a(lib_a-wbuf.o)
                0x080094cc                __swbuf_r
 .text._write_r
                0x08009570       0x24 c:/program files (x86)/atollic/truestudio for stm32 9.3.0/armtools/bin/../lib/gcc/arm-atollic-eabi/6.3.1/../../../../arm-atollic-eabi/lib/armv7e-m/fpu\libc_nano.a(lib_a-writer.o)
                0x08009570                _write_r
 .text.__swsetup_r
                0x08009594       0xdc c:/program files (x86)/atollic/truestudio for stm32 9.3.0/armtools/bin/../lib/gcc/arm-atollic-eabi/6.3.1/../../../../arm-atollic-eabi/lib/armv7e-m/fpu\libc_nano.a(lib_a-wsetup.o)
                0x08009594                __swsetup_r
 .text._close_r
                0x08009670       0x20 c:/program files (x86)/atollic/truestudio for stm32 9.3.0/armtools/bin/../lib/gcc/arm-atollic-eabi/6.3.1/../../../../arm-atollic-eabi/lib/armv7e-m/fpu\libc_nano.a(lib_a-closer.o)
                0x08009670                _close_r
 .text.__sflush_r
                0x08009690      0x110 c:/program files (x86)/atollic/truestudio for stm32 9.3.0/armtools/bin/../lib/gcc/arm-atollic-eabi/6.3.1/../../../../arm-atollic-eabi/lib/armv7e-m/fpu\libc_nano.a(lib_a-fflush.o)
                0x08009690                __sflush_r
 .text._fflush_r
                0x080097a0       0x54 c:/program files (x86)/atollic/truestudio for stm32 9.3.0/armtools/bin/../lib/gcc/arm-atollic-eabi/6.3.1/../../../../arm-atollic-eabi/lib/armv7e-m/fpu\libc_nano.a(lib_a-fflush.o)
                0x080097a0                _fflush_r
 .text._lseek_r
                0x080097f4       0x24 c:/program files (x86)/atollic/truestudio for stm32 9.3.0/armtools/bin/../lib/gcc/arm-atollic-eabi/6.3.1/../../../../arm-atollic-eabi/lib/armv7e-m/fpu\libc_nano.a(lib_a-lseekr.o)
                0x080097f4                _lseek_r
 .text.__swhatbuf_r
                0x08009818       0x48 c:/program files (x86)/atollic/truestudio for stm32 9.3.0/armtools/bin/../lib/gcc/arm-atollic-eabi/6.3.1/../../../../arm-atollic-eabi/lib/armv7e-m/fpu\libc_nano.a(lib_a-makebuf.o)
                0x08009818                __swhatbuf_r
 .text.__smakebuf_r
                0x08009860       0x80 c:/program files (x86)/atollic/truestudio for stm32 9.3.0/armtools/bin/../lib/gcc/arm-atollic-eabi/6.3.1/../../../../arm-atollic-eabi/lib/armv7e-m/fpu\libc_nano.a(lib_a-makebuf.o)
                0x08009860                __smakebuf_r
 .text.memcpy   0x080098e0       0x16 c:/program files (x86)/atollic/truestudio for stm32 9.3.0/armtools/bin/../lib/gcc/arm-atollic-eabi/6.3.1/../../../../arm-atollic-eabi/lib/armv7e-m/fpu\libc_nano.a(lib_a-memcpy-stub.o)
                0x080098e0                memcpy
 .text.memmove  0x080098f6       0x34 c:/program files (x86)/atollic/truestudio for stm32 9.3.0/armtools/bin/../lib/gcc/arm-atollic-eabi/6.3.1/../../../../arm-atollic-eabi/lib/armv7e-m/fpu\libc_nano.a(lib_a-memmove.o)
                0x080098f6                memmove
 .text._realloc_r
                0x0800992a       0x4c c:/program files (x86)/atollic/truestudio for stm32 9.3.0/armtools/bin/../lib/gcc/arm-atollic-eabi/6.3.1/../../../../arm-atollic-eabi/lib/armv7e-m/fpu\libc_nano.a(lib_a-nano-reallocr.o)
                0x0800992a                _realloc_r
 *fill*         0x08009976        0x2 
 .text._read_r  0x08009978       0x24 c:/program files (x86)/atollic/truestudio for stm32 9.3.0/armtools/bin/../lib/gcc/arm-atollic-eabi/6.3.1/../../../../arm-atollic-eabi/lib/armv7e-m/fpu\libc_nano.a(lib_a-readr.o)
                0x08009978                _read_r
 .text._fstat_r
                0x0800999c       0x24 c:/program files (x86)/atollic/truestudio for stm32 9.3.0/armtools/bin/../lib/gcc/arm-atollic-eabi/6.3.1/../../../../arm-atollic-eabi/lib/armv7e-m/fpu\libc_nano.a(lib_a-fstatr.o)
                0x0800999c                _fstat_r
 .text._isatty_r
                0x080099c0       0x20 c:/program files (x86)/atollic/truestudio for stm32 9.3.0/armtools/bin/../lib/gcc/arm-atollic-eabi/6.3.1/../../../../arm-atollic-eabi/lib/armv7e-m/fpu\libc_nano.a(lib_a-isattyr.o)
                0x080099c0                _isatty_r
 .text._malloc_usable_size_r
                0x080099e0       0x12 c:/program files (x86)/atollic/truestudio for stm32 9.3.0/armtools/bin/../lib/gcc/arm-atollic-eabi/6.3.1/../../../../arm-atollic-eabi/lib/armv7e-m/fpu\libc_nano.a(lib_a-nano-msizer.o)
                0x080099e0                _malloc_usable_size_r
 *(.glue_7)
 .glue_7        0x080099f2        0x0 linker stubs
 *(.glue_7t)
 .glue_7t       0x080099f2        0x0 linker stubs
 *(.eh_frame)
 *fill*         0x080099f2        0x2 
 .eh_frame      0x080099f4        0x0 c:/program files (x86)/atollic/truestudio for stm32 9.3.0/armtools/bin/../lib/gcc/arm-atollic-eabi/6.3.1/armv7e-m/fpu/crtbegin.o
 *(.init)
 .init          0x080099f4        0x4 c:/program files (x86)/atollic/truestudio for stm32 9.3.0/armtools/bin/../lib/gcc/arm-atollic-eabi/6.3.1/armv7e-m/fpu/crti.o
                0x080099f4                _init
 .init          0x080099f8        0x8 c:/program files (x86)/atollic/truestudio for stm32 9.3.0/armtools/bin/../lib/gcc/arm-atollic-eabi/6.3.1/armv7e-m/fpu/crtn.o
 *(.fini)
 .fini          0x08009a00        0x4 c:/program files (x86)/atollic/truestudio for stm32 9.3.0/armtools/bin/../lib/gcc/arm-atollic-eabi/6.3.1/armv7e-m/fpu/crti.o
                0x08009a00                _fini
 .fini          0x08009a04        0x8 c:/program files (x86)/atollic/truestudio for stm32 9.3.0/armtools/bin/../lib/gcc/arm-atollic-eabi/6.3.1/armv7e-m/fpu/crtn.o
                0x08009a0c                . = ALIGN (0x4)
                0x08009a0c                _etext = .

.vfp11_veneer   0x08009a0c        0x0
 .vfp11_veneer  0x08009a0c        0x0 linker stubs

.v4_bx          0x08009a0c        0x0
 .v4_bx         0x08009a0c        0x0 linker stubs

.iplt           0x08009a0c        0x0
 .iplt          0x08009a0c        0x0 c:/program files (x86)/atollic/truestudio for stm32 9.3.0/armtools/bin/../lib/gcc/arm-atollic-eabi/6.3.1/armv7e-m/fpu/crtbegin.o

.rodata         0x08009a0c      0x7d0
                0x08009a0c                . = ALIGN (0x4)
 *(.rodata)
 .rodata        0x08009a0c       0x19 Core\Src\main.o
 *fill*         0x08009a25        0x3 
 .rodata        0x08009a28      0x137 Middlewares\ST\STM32_USB_Host_Library\Class\HID\Src\usbh_hid.o
 *fill*         0x08009b5f        0x1 
 .rodata        0x08009b60      0x434 Middlewares\ST\STM32_USB_Host_Library\Core\Src\usbh_core.o
 .rodata        0x08009f94       0x2d Middlewares\ST\STM32_USB_Host_Library\Core\Src\usbh_ctlreq.o
 *(.rodata*)
 *fill*         0x08009fc1        0x3 
 .rodata.helloMessage
                0x08009fc4       0x15 Core\Src\main.o
                0x08009fc4                helloMessage
 *fill*         0x08009fd9        0x3 
 .rodata.AHBPrescTable
                0x08009fdc       0x10 Core\Src\system_stm32l4xx.o
                0x08009fdc                AHBPrescTable
 .rodata.APBPrescTable
                0x08009fec        0x8 Core\Src\system_stm32l4xx.o
                0x08009fec                APBPrescTable
 .rodata.MSIRangeTable
                0x08009ff4       0x30 Core\Src\system_stm32l4xx.o
                0x08009ff4                MSIRangeTable
 .rodata.imp_0_lctrl
                0x0800a024       0x20 Middlewares\ST\STM32_USB_Host_Library\Class\HID\Src\usbh_hid_keybd.o
 .rodata.imp_0_lshift
                0x0800a044       0x20 Middlewares\ST\STM32_USB_Host_Library\Class\HID\Src\usbh_hid_keybd.o
 .rodata.imp_0_lalt
                0x0800a064       0x20 Middlewares\ST\STM32_USB_Host_Library\Class\HID\Src\usbh_hid_keybd.o
 .rodata.imp_0_lgui
                0x0800a084       0x20 Middlewares\ST\STM32_USB_Host_Library\Class\HID\Src\usbh_hid_keybd.o
 .rodata.imp_0_rctrl
                0x0800a0a4       0x20 Middlewares\ST\STM32_USB_Host_Library\Class\HID\Src\usbh_hid_keybd.o
 .rodata.imp_0_rshift
                0x0800a0c4       0x20 Middlewares\ST\STM32_USB_Host_Library\Class\HID\Src\usbh_hid_keybd.o
 .rodata.imp_0_ralt
                0x0800a0e4       0x20 Middlewares\ST\STM32_USB_Host_Library\Class\HID\Src\usbh_hid_keybd.o
 .rodata.imp_0_rgui
                0x0800a104       0x20 Middlewares\ST\STM32_USB_Host_Library\Class\HID\Src\usbh_hid_keybd.o
 .rodata.imp_0_key_array
                0x0800a124       0x20 Middlewares\ST\STM32_USB_Host_Library\Class\HID\Src\usbh_hid_keybd.o
 .rodata._global_impure_ptr
                0x0800a144        0x4 c:/program files (x86)/atollic/truestudio for stm32 9.3.0/armtools/bin/../lib/gcc/arm-atollic-eabi/6.3.1/../../../../arm-atollic-eabi/lib/armv7e-m/fpu\libc_nano.a(lib_a-impure.o)
                0x0800a144                _global_impure_ptr
 .rodata.__sf_fake_stderr
                0x0800a148       0x20 c:/program files (x86)/atollic/truestudio for stm32 9.3.0/armtools/bin/../lib/gcc/arm-atollic-eabi/6.3.1/../../../../arm-atollic-eabi/lib/armv7e-m/fpu\libc_nano.a(lib_a-findfp.o)
                0x0800a148                __sf_fake_stderr
 .rodata.__sf_fake_stdin
                0x0800a168       0x20 c:/program files (x86)/atollic/truestudio for stm32 9.3.0/armtools/bin/../lib/gcc/arm-atollic-eabi/6.3.1/../../../../arm-atollic-eabi/lib/armv7e-m/fpu\libc_nano.a(lib_a-findfp.o)
                0x0800a168                __sf_fake_stdin
 .rodata.__sf_fake_stdout
                0x0800a188       0x20 c:/program files (x86)/atollic/truestudio for stm32 9.3.0/armtools/bin/../lib/gcc/arm-atollic-eabi/6.3.1/../../../../arm-atollic-eabi/lib/armv7e-m/fpu\libc_nano.a(lib_a-findfp.o)
                0x0800a188                __sf_fake_stdout
 .rodata._svfprintf_r.str1.1
                0x0800a1a8       0x11 c:/program files (x86)/atollic/truestudio for stm32 9.3.0/armtools/bin/../lib/gcc/arm-atollic-eabi/6.3.1/../../../../arm-atollic-eabi/lib/armv7e-m/fpu\libc_nano.a(lib_a-nano-svfprintf.o)
 .rodata._vfprintf_r.str1.1
                0x0800a1b9       0x11 c:/program files (x86)/atollic/truestudio for stm32 9.3.0/armtools/bin/../lib/gcc/arm-atollic-eabi/6.3.1/../../../../arm-atollic-eabi/lib/armv7e-m/fpu\libc_nano.a(lib_a-nano-vfprintf.o)
 .rodata._printf_i.str1.1
                0x0800a1b9       0x22 c:/program files (x86)/atollic/truestudio for stm32 9.3.0/armtools/bin/../lib/gcc/arm-atollic-eabi/6.3.1/../../../../arm-atollic-eabi/lib/armv7e-m/fpu\libc_nano.a(lib_a-nano-vfprintf_i.o)
                0x0800a1dc                . = ALIGN (0x4)
 *fill*         0x0800a1db        0x1 

.ARM.extab
 *(.ARM.extab* .gnu.linkonce.armextab.*)

.ARM            0x0800a1dc        0x8
                0x0800a1dc                __exidx_start = .
 *(.ARM.exidx*)
 .ARM.exidx     0x0800a1dc        0x8 c:/program files (x86)/atollic/truestudio for stm32 9.3.0/armtools/bin/../lib/gcc/arm-atollic-eabi/6.3.1/armv7e-m/fpu\libgcc.a(_udivmoddi4.o)
                0x0800a1e4                __exidx_end = .

.rel.dyn        0x0800a1e4        0x0
 .rel.iplt      0x0800a1e4        0x0 c:/program files (x86)/atollic/truestudio for stm32 9.3.0/armtools/bin/../lib/gcc/arm-atollic-eabi/6.3.1/armv7e-m/fpu/crtbegin.o

.preinit_array  0x0800a1e4        0x0
                0x0800a1e4                PROVIDE (__preinit_array_start, .)
 *(.preinit_array*)
                0x0800a1e4                PROVIDE (__preinit_array_end, .)

.init_array     0x0800a1e4        0x4
                0x0800a1e4                PROVIDE (__init_array_start, .)
 *(SORT(.init_array.*))
 *(.init_array*)
 .init_array    0x0800a1e4        0x4 c:/program files (x86)/atollic/truestudio for stm32 9.3.0/armtools/bin/../lib/gcc/arm-atollic-eabi/6.3.1/armv7e-m/fpu/crtbegin.o
                0x0800a1e8                PROVIDE (__init_array_end, .)

.fini_array     0x0800a1e8        0x4
                [!provide]                PROVIDE (__fini_array_start, .)
 *(SORT(.fini_array.*))
 *(.fini_array*)
 .fini_array    0x0800a1e8        0x4 c:/program files (x86)/atollic/truestudio for stm32 9.3.0/armtools/bin/../lib/gcc/arm-atollic-eabi/6.3.1/armv7e-m/fpu/crtbegin.o
                [!provide]                PROVIDE (__fini_array_end, .)
                0x0800a1ec                _sidata = LOADADDR (.data)

.data           0x20000000       0x90 load address 0x0800a1ec
                0x20000000                . = ALIGN (0x4)
                0x20000000                _sdata = .
 *(.data)
 *(.data*)
 .data.SystemCoreClock
                0x20000000        0x4 Core\Src\system_stm32l4xx.o
                0x20000000                SystemCoreClock
 .data.uwTickPrio
                0x20000004        0x4 Drivers\STM32L4xx_HAL_Driver\Src\stm32l4xx_hal.o
                0x20000004                uwTickPrio
 .data.uwTickFreq
                0x20000008        0x1 Drivers\STM32L4xx_HAL_Driver\Src\stm32l4xx_hal.o
                0x20000008                uwTickFreq
 *fill*         0x20000009        0x3 
 .data.HID_Class
                0x2000000c       0x20 Middlewares\ST\STM32_USB_Host_Library\Class\HID\Src\usbh_hid.o
                0x2000000c                HID_Class
 .data._impure_ptr
                0x2000002c        0x4 c:/program files (x86)/atollic/truestudio for stm32 9.3.0/armtools/bin/../lib/gcc/arm-atollic-eabi/6.3.1/../../../../arm-atollic-eabi/lib/armv7e-m/fpu\libc_nano.a(lib_a-impure.o)
                0x2000002c                _impure_ptr
 .data.impure_data
                0x20000030       0x60 c:/program files (x86)/atollic/truestudio for stm32 9.3.0/armtools/bin/../lib/gcc/arm-atollic-eabi/6.3.1/../../../../arm-atollic-eabi/lib/armv7e-m/fpu\libc_nano.a(lib_a-impure.o)
                0x20000090                . = ALIGN (0x4)
                0x20000090                _edata = .

.igot.plt       0x20000090        0x0 load address 0x0800a27c
 .igot.plt      0x20000090        0x0 c:/program files (x86)/atollic/truestudio for stm32 9.3.0/armtools/bin/../lib/gcc/arm-atollic-eabi/6.3.1/armv7e-m/fpu/crtbegin.o
                0x20000090                . = ALIGN (0x4)

.bss            0x20000090      0x7cc load address 0x0800a27c
                0x20000090                _sbss = .
                0x20000090                __bss_start__ = _sbss
 *(.bss)
 .bss           0x20000090       0x1c c:/program files (x86)/atollic/truestudio for stm32 9.3.0/armtools/bin/../lib/gcc/arm-atollic-eabi/6.3.1/armv7e-m/fpu/crtbegin.o
 *(.bss*)
 .bss.heap_end.7010
                0x200000ac        0x4 Core\Src\syscalls.o
 .bss.Appli_state
                0x200000b0        0x1 USB_HOST\App\usb_host.o
                0x200000b0                Appli_state
 *fill*         0x200000b1        0x3 
 .bss.__malloc_free_list
                0x200000b4        0x4 c:/program files (x86)/atollic/truestudio for stm32 9.3.0/armtools/bin/../lib/gcc/arm-atollic-eabi/6.3.1/../../../../arm-atollic-eabi/lib/armv7e-m/fpu\libc_nano.a(lib_a-nano-mallocr.o)
                0x200000b4                __malloc_free_list
 .bss.__malloc_sbrk_start
                0x200000b8        0x4 c:/program files (x86)/atollic/truestudio for stm32 9.3.0/armtools/bin/../lib/gcc/arm-atollic-eabi/6.3.1/../../../../arm-atollic-eabi/lib/armv7e-m/fpu\libc_nano.a(lib_a-nano-mallocr.o)
                0x200000b8                __malloc_sbrk_start
 *(COMMON)
 COMMON         0x200000bc       0x84 Core\Src\main.o
                0x200000bc                hlpuart1
 COMMON         0x20000140        0x4 Drivers\STM32L4xx_HAL_Driver\Src\stm32l4xx_hal.o
                0x20000140                uwTick
 COMMON         0x20000144       0x1f Middlewares\ST\STM32_USB_Host_Library\Class\HID\Src\usbh_hid_keybd.o
                0x20000144                keybd_report_data
                0x2000014c                keybd_rx_report_buf
                0x20000154                keybd_info
 *fill*         0x20000163        0x1 
 COMMON         0x20000164       0x18 Middlewares\ST\STM32_USB_Host_Library\Class\HID\Src\usbh_hid_mouse.o
                0x20000164                mouse_info
                0x2000016c                mouse_report_data
                0x20000174                mouse_rx_report_buf
 COMMON         0x2000017c      0x3d8 USB_HOST\App\usb_host.o
                0x2000017c                hUsbHostFS
 COMMON         0x20000554      0x304 USB_HOST\Target\usbh_conf.o
                0x20000554                hhcd_USB_OTG_FS
 COMMON         0x20000858        0x4 c:/program files (x86)/atollic/truestudio for stm32 9.3.0/armtools/bin/../lib/gcc/arm-atollic-eabi/6.3.1/../../../../arm-atollic-eabi/lib/armv7e-m/fpu\libc_nano.a(lib_a-reent.o)
                0x20000858                errno
                0x2000085c                . = ALIGN (0x4)
                0x2000085c                _ebss = .
                0x2000085c                __bss_end__ = _ebss

._user_heap_stack
                0x2000085c      0x600 load address 0x0800a27c
                0x2000085c                . = ALIGN (0x4)
                0x2000085c                PROVIDE (end, .)
                [!provide]                PROVIDE (_end, .)
                0x20000a5c                . = (. + _Min_Heap_Size)
 *fill*         0x2000085c      0x200 
                0x20000e5c                . = (. + _Min_Stack_Size)
 *fill*         0x20000a5c      0x400 
                0x20000e5c                . = ALIGN (0x4)

/DISCARD/
 libc.a(*)
 libm.a(*)
 libgcc.a(*)

.ARM.attributes
                0x00000000       0x30
 *(.ARM.attributes)
 .ARM.attributes
                0x00000000       0x22 c:/program files (x86)/atollic/truestudio for stm32 9.3.0/armtools/bin/../lib/gcc/arm-atollic-eabi/6.3.1/armv7e-m/fpu/crti.o
 .ARM.attributes
                0x00000022       0x34 c:/program files (x86)/atollic/truestudio for stm32 9.3.0/armtools/bin/../lib/gcc/arm-atollic-eabi/6.3.1/armv7e-m/fpu/crtbegin.o
 .ARM.attributes
                0x00000056       0x39 Core\Src\main.o
 .ARM.attributes
                0x0000008f       0x39 Core\Src\stm32l4xx_hal_msp.o
 .ARM.attributes
                0x000000c8       0x39 Core\Src\stm32l4xx_it.o
 .ARM.attributes
                0x00000101       0x39 Core\Src\syscalls.o
 .ARM.attributes
                0x0000013a       0x39 Core\Src\system_stm32l4xx.o
 .ARM.attributes
                0x00000173       0x39 Drivers\STM32L4xx_HAL_Driver\Src\stm32l4xx_hal.o
 .ARM.attributes
                0x000001ac       0x39 Drivers\STM32L4xx_HAL_Driver\Src\stm32l4xx_hal_cortex.o
 .ARM.attributes
                0x000001e5       0x39 Drivers\STM32L4xx_HAL_Driver\Src\stm32l4xx_hal_gpio.o
 .ARM.attributes
                0x0000021e       0x39 Drivers\STM32L4xx_HAL_Driver\Src\stm32l4xx_hal_hcd.o
 .ARM.attributes
                0x00000257       0x39 Drivers\STM32L4xx_HAL_Driver\Src\stm32l4xx_hal_pwr.o
 .ARM.attributes
                0x00000290       0x39 Drivers\STM32L4xx_HAL_Driver\Src\stm32l4xx_hal_pwr_ex.o
 .ARM.attributes
                0x000002c9       0x39 Drivers\STM32L4xx_HAL_Driver\Src\stm32l4xx_hal_rcc.o
 .ARM.attributes
                0x00000302       0x39 Drivers\STM32L4xx_HAL_Driver\Src\stm32l4xx_hal_rcc_ex.o
 .ARM.attributes
                0x0000033b       0x39 Drivers\STM32L4xx_HAL_Driver\Src\stm32l4xx_hal_uart.o
 .ARM.attributes
                0x00000374       0x39 Drivers\STM32L4xx_HAL_Driver\Src\stm32l4xx_ll_usb.o
 .ARM.attributes
                0x000003ad       0x39 Middlewares\ST\STM32_USB_Host_Library\Class\HID\Src\usbh_hid.o
 .ARM.attributes
                0x000003e6       0x39 Middlewares\ST\STM32_USB_Host_Library\Class\HID\Src\usbh_hid_keybd.o
 .ARM.attributes
                0x0000041f       0x39 Middlewares\ST\STM32_USB_Host_Library\Class\HID\Src\usbh_hid_mouse.o
 .ARM.attributes
                0x00000458       0x39 Middlewares\ST\STM32_USB_Host_Library\Class\HID\Src\usbh_hid_parser.o
 .ARM.attributes
                0x00000491       0x39 Middlewares\ST\STM32_USB_Host_Library\Core\Src\usbh_core.o
 .ARM.attributes
                0x000004ca       0x39 Middlewares\ST\STM32_USB_Host_Library\Core\Src\usbh_ctlreq.o
 .ARM.attributes
                0x00000503       0x39 Middlewares\ST\STM32_USB_Host_Library\Core\Src\usbh_ioreq.o
 .ARM.attributes
                0x0000053c       0x39 Middlewares\ST\STM32_USB_Host_Library\Core\Src\usbh_pipes.o
 .ARM.attributes
                0x00000575       0x39 USB_HOST\App\usb_host.o
 .ARM.attributes
                0x000005ae       0x39 USB_HOST\Target\usbh_conf.o
 .ARM.attributes
                0x000005e7       0x39 USB_HOST\Target\usbh_platform.o
 .ARM.attributes
                0x00000620       0x21 startup\startup_stm32l496xx.o
 .ARM.attributes
                0x00000641       0x34 c:/program files (x86)/atollic/truestudio for stm32 9.3.0/armtools/bin/../lib/gcc/arm-atollic-eabi/6.3.1/../../../../arm-atollic-eabi/lib/armv7e-m/fpu\libc_nano.a(lib_a-errno.o)
 .ARM.attributes
                0x00000675       0x34 c:/program files (x86)/atollic/truestudio for stm32 9.3.0/armtools/bin/../lib/gcc/arm-atollic-eabi/6.3.1/../../../../arm-atollic-eabi/lib/armv7e-m/fpu\libc_nano.a(lib_a-impure.o)
 .ARM.attributes
                0x000006a9       0x34 c:/program files (x86)/atollic/truestudio for stm32 9.3.0/armtools/bin/../lib/gcc/arm-atollic-eabi/6.3.1/../../../../arm-atollic-eabi/lib/armv7e-m/fpu\libc_nano.a(lib_a-init.o)
 .ARM.attributes
                0x000006dd       0x34 c:/program files (x86)/atollic/truestudio for stm32 9.3.0/armtools/bin/../lib/gcc/arm-atollic-eabi/6.3.1/../../../../arm-atollic-eabi/lib/armv7e-m/fpu\libc_nano.a(lib_a-malloc.o)
 .ARM.attributes
                0x00000711       0x34 c:/program files (x86)/atollic/truestudio for stm32 9.3.0/armtools/bin/../lib/gcc/arm-atollic-eabi/6.3.1/../../../../arm-atollic-eabi/lib/armv7e-m/fpu\libc_nano.a(lib_a-memset.o)
 .ARM.attributes
                0x00000745       0x34 c:/program files (x86)/atollic/truestudio for stm32 9.3.0/armtools/bin/../lib/gcc/arm-atollic-eabi/6.3.1/../../../../arm-atollic-eabi/lib/armv7e-m/fpu\libc_nano.a(lib_a-nano-freer.o)
 .ARM.attributes
                0x00000779       0x34 c:/program files (x86)/atollic/truestudio for stm32 9.3.0/armtools/bin/../lib/gcc/arm-atollic-eabi/6.3.1/../../../../arm-atollic-eabi/lib/armv7e-m/fpu\libc_nano.a(lib_a-nano-mallocr.o)
 .ARM.attributes
                0x000007ad       0x34 c:/program files (x86)/atollic/truestudio for stm32 9.3.0/armtools/bin/../lib/gcc/arm-atollic-eabi/6.3.1/../../../../arm-atollic-eabi/lib/armv7e-m/fpu\libc_nano.a(lib_a-printf.o)
 .ARM.attributes
                0x000007e1       0x34 c:/program files (x86)/atollic/truestudio for stm32 9.3.0/armtools/bin/../lib/gcc/arm-atollic-eabi/6.3.1/../../../../arm-atollic-eabi/lib/armv7e-m/fpu\libc_nano.a(lib_a-putchar.o)
 .ARM.attributes
                0x00000815       0x34 c:/program files (x86)/atollic/truestudio for stm32 9.3.0/armtools/bin/../lib/gcc/arm-atollic-eabi/6.3.1/../../../../arm-atollic-eabi/lib/armv7e-m/fpu\libc_nano.a(lib_a-sbrkr.o)
 .ARM.attributes
                0x00000849       0x34 c:/program files (x86)/atollic/truestudio for stm32 9.3.0/armtools/bin/../lib/gcc/arm-atollic-eabi/6.3.1/../../../../arm-atollic-eabi/lib/armv7e-m/fpu\libc_nano.a(lib_a-sprintf.o)
 .ARM.attributes
                0x0000087d       0x1b c:/program files (x86)/atollic/truestudio for stm32 9.3.0/armtools/bin/../lib/gcc/arm-atollic-eabi/6.3.1/../../../../arm-atollic-eabi/lib/armv7e-m/fpu\libc_nano.a(lib_a-strlen.o)
 .ARM.attributes
                0x00000898       0x34 c:/program files (x86)/atollic/truestudio for stm32 9.3.0/armtools/bin/../lib/gcc/arm-atollic-eabi/6.3.1/../../../../arm-atollic-eabi/lib/armv7e-m/fpu\libc_nano.a(lib_a-findfp.o)
 .ARM.attributes
                0x000008cc       0x34 c:/program files (x86)/atollic/truestudio for stm32 9.3.0/armtools/bin/../lib/gcc/arm-atollic-eabi/6.3.1/../../../../arm-atollic-eabi/lib/armv7e-m/fpu\libc_nano.a(lib_a-fwalk.o)
 .ARM.attributes
                0x00000900       0x34 c:/program files (x86)/atollic/truestudio for stm32 9.3.0/armtools/bin/../lib/gcc/arm-atollic-eabi/6.3.1/../../../../arm-atollic-eabi/lib/armv7e-m/fpu\libc_nano.a(lib_a-mlock.o)
 .ARM.attributes
                0x00000934       0x34 c:/program files (x86)/atollic/truestudio for stm32 9.3.0/armtools/bin/../lib/gcc/arm-atollic-eabi/6.3.1/../../../../arm-atollic-eabi/lib/armv7e-m/fpu\libc_nano.a(lib_a-nano-svfprintf.o)
 .ARM.attributes
                0x00000968       0x34 c:/program files (x86)/atollic/truestudio for stm32 9.3.0/armtools/bin/../lib/gcc/arm-atollic-eabi/6.3.1/../../../../arm-atollic-eabi/lib/armv7e-m/fpu\libc_nano.a(lib_a-nano-vfprintf.o)
 .ARM.attributes
                0x0000099c       0x34 c:/program files (x86)/atollic/truestudio for stm32 9.3.0/armtools/bin/../lib/gcc/arm-atollic-eabi/6.3.1/../../../../arm-atollic-eabi/lib/armv7e-m/fpu\libc_nano.a(lib_a-nano-vfprintf_i.o)
 .ARM.attributes
                0x000009d0       0x34 c:/program files (x86)/atollic/truestudio for stm32 9.3.0/armtools/bin/../lib/gcc/arm-atollic-eabi/6.3.1/../../../../arm-atollic-eabi/lib/armv7e-m/fpu\libc_nano.a(lib_a-putc.o)
 .ARM.attributes
                0x00000a04       0x34 c:/program files (x86)/atollic/truestudio for stm32 9.3.0/armtools/bin/../lib/gcc/arm-atollic-eabi/6.3.1/../../../../arm-atollic-eabi/lib/armv7e-m/fpu\libc_nano.a(lib_a-reent.o)
 .ARM.attributes
                0x00000a38       0x34 c:/program files (x86)/atollic/truestudio for stm32 9.3.0/armtools/bin/../lib/gcc/arm-atollic-eabi/6.3.1/../../../../arm-atollic-eabi/lib/armv7e-m/fpu\libc_nano.a(lib_a-stdio.o)
 .ARM.attributes
                0x00000a6c       0x34 c:/program files (x86)/atollic/truestudio for stm32 9.3.0/armtools/bin/../lib/gcc/arm-atollic-eabi/6.3.1/../../../../arm-atollic-eabi/lib/armv7e-m/fpu\libc_nano.a(lib_a-wbuf.o)
 .ARM.attributes
                0x00000aa0       0x34 c:/program files (x86)/atollic/truestudio for stm32 9.3.0/armtools/bin/../lib/gcc/arm-atollic-eabi/6.3.1/../../../../arm-atollic-eabi/lib/armv7e-m/fpu\libc_nano.a(lib_a-writer.o)
 .ARM.attributes
                0x00000ad4       0x34 c:/program files (x86)/atollic/truestudio for stm32 9.3.0/armtools/bin/../lib/gcc/arm-atollic-eabi/6.3.1/../../../../arm-atollic-eabi/lib/armv7e-m/fpu\libc_nano.a(lib_a-wsetup.o)
 .ARM.attributes
                0x00000b08       0x34 c:/program files (x86)/atollic/truestudio for stm32 9.3.0/armtools/bin/../lib/gcc/arm-atollic-eabi/6.3.1/../../../../arm-atollic-eabi/lib/armv7e-m/fpu\libc_nano.a(lib_a-closer.o)
 .ARM.attributes
                0x00000b3c       0x34 c:/program files (x86)/atollic/truestudio for stm32 9.3.0/armtools/bin/../lib/gcc/arm-atollic-eabi/6.3.1/../../../../arm-atollic-eabi/lib/armv7e-m/fpu\libc_nano.a(lib_a-fflush.o)
 .ARM.attributes
                0x00000b70       0x34 c:/program files (x86)/atollic/truestudio for stm32 9.3.0/armtools/bin/../lib/gcc/arm-atollic-eabi/6.3.1/../../../../arm-atollic-eabi/lib/armv7e-m/fpu\libc_nano.a(lib_a-lseekr.o)
 .ARM.attributes
                0x00000ba4       0x34 c:/program files (x86)/atollic/truestudio for stm32 9.3.0/armtools/bin/../lib/gcc/arm-atollic-eabi/6.3.1/../../../../arm-atollic-eabi/lib/armv7e-m/fpu\libc_nano.a(lib_a-makebuf.o)
 .ARM.attributes
                0x00000bd8       0x20 c:/program files (x86)/atollic/truestudio for stm32 9.3.0/armtools/bin/../lib/gcc/arm-atollic-eabi/6.3.1/../../../../arm-atollic-eabi/lib/armv7e-m/fpu\libc_nano.a(lib_a-memchr.o)
 .ARM.attributes
                0x00000bf8       0x34 c:/program files (x86)/atollic/truestudio for stm32 9.3.0/armtools/bin/../lib/gcc/arm-atollic-eabi/6.3.1/../../../../arm-atollic-eabi/lib/armv7e-m/fpu\libc_nano.a(lib_a-memcpy-stub.o)
 .ARM.attributes
                0x00000c2c       0x34 c:/program files (x86)/atollic/truestudio for stm32 9.3.0/armtools/bin/../lib/gcc/arm-atollic-eabi/6.3.1/../../../../arm-atollic-eabi/lib/armv7e-m/fpu\libc_nano.a(lib_a-memmove.o)
 .ARM.attributes
                0x00000c60       0x34 c:/program files (x86)/atollic/truestudio for stm32 9.3.0/armtools/bin/../lib/gcc/arm-atollic-eabi/6.3.1/../../../../arm-atollic-eabi/lib/armv7e-m/fpu\libc_nano.a(lib_a-nano-reallocr.o)
 .ARM.attributes
                0x00000c94       0x34 c:/program files (x86)/atollic/truestudio for stm32 9.3.0/armtools/bin/../lib/gcc/arm-atollic-eabi/6.3.1/../../../../arm-atollic-eabi/lib/armv7e-m/fpu\libc_nano.a(lib_a-readr.o)
 .ARM.attributes
                0x00000cc8       0x34 c:/program files (x86)/atollic/truestudio for stm32 9.3.0/armtools/bin/../lib/gcc/arm-atollic-eabi/6.3.1/../../../../arm-atollic-eabi/lib/armv7e-m/fpu\libc_nano.a(lib_a-fstatr.o)
 .ARM.attributes
                0x00000cfc       0x34 c:/program files (x86)/atollic/truestudio for stm32 9.3.0/armtools/bin/../lib/gcc/arm-atollic-eabi/6.3.1/../../../../arm-atollic-eabi/lib/armv7e-m/fpu\libc_nano.a(lib_a-isattyr.o)
 .ARM.attributes
                0x00000d30       0x34 c:/program files (x86)/atollic/truestudio for stm32 9.3.0/armtools/bin/../lib/gcc/arm-atollic-eabi/6.3.1/../../../../arm-atollic-eabi/lib/armv7e-m/fpu\libc_nano.a(lib_a-nano-msizer.o)
 .ARM.attributes
                0x00000d64       0x22 c:/program files (x86)/atollic/truestudio for stm32 9.3.0/armtools/bin/../lib/gcc/arm-atollic-eabi/6.3.1/armv7e-m/fpu\libgcc.a(_aeabi_uldivmod.o)
 .ARM.attributes
                0x00000d86       0x34 c:/program files (x86)/atollic/truestudio for stm32 9.3.0/armtools/bin/../lib/gcc/arm-atollic-eabi/6.3.1/armv7e-m/fpu\libgcc.a(_udivmoddi4.o)
 .ARM.attributes
                0x00000dba       0x22 c:/program files (x86)/atollic/truestudio for stm32 9.3.0/armtools/bin/../lib/gcc/arm-atollic-eabi/6.3.1/armv7e-m/fpu\libgcc.a(_dvmd_tls.o)
 .ARM.attributes
                0x00000ddc       0x22 c:/program files (x86)/atollic/truestudio for stm32 9.3.0/armtools/bin/../lib/gcc/arm-atollic-eabi/6.3.1/armv7e-m/fpu/crtn.o
OUTPUT(USB_WheeL_Car.elf elf32-littlearm)

.debug_info     0x00000000    0x20e73
 .debug_info    0x00000000     0x200b Core\Src\main.o
 .debug_info    0x0000200b      0xe02 Core\Src\stm32l4xx_hal_msp.o
 .debug_info    0x00002e0d      0x84b Core\Src\stm32l4xx_it.o
 .debug_info    0x00003658      0xf16 Core\Src\syscalls.o
 .debug_info    0x0000456e      0x71f Core\Src\system_stm32l4xx.o
 .debug_info    0x00004c8d      0xc7a Drivers\STM32L4xx_HAL_Driver\Src\stm32l4xx_hal.o
 .debug_info    0x00005907      0xfa0 Drivers\STM32L4xx_HAL_Driver\Src\stm32l4xx_hal_cortex.o
 .debug_info    0x000068a7      0x9d8 Drivers\STM32L4xx_HAL_Driver\Src\stm32l4xx_hal_gpio.o
 .debug_info    0x0000727f      0xfec Drivers\STM32L4xx_HAL_Driver\Src\stm32l4xx_hal_hcd.o
 .debug_info    0x0000826b      0xac2 Drivers\STM32L4xx_HAL_Driver\Src\stm32l4xx_hal_pwr.o
 .debug_info    0x00008d2d      0xb4d Drivers\STM32L4xx_HAL_Driver\Src\stm32l4xx_hal_pwr_ex.o
 .debug_info    0x0000987a      0xd7d Drivers\STM32L4xx_HAL_Driver\Src\stm32l4xx_hal_rcc.o
 .debug_info    0x0000a5f7     0x11c9 Drivers\STM32L4xx_HAL_Driver\Src\stm32l4xx_hal_rcc_ex.o
 .debug_info    0x0000b7c0     0x4243 Drivers\STM32L4xx_HAL_Driver\Src\stm32l4xx_hal_uart.o
 .debug_info    0x0000fa03     0x1b26 Drivers\STM32L4xx_HAL_Driver\Src\stm32l4xx_ll_usb.o
 .debug_info    0x00011529     0x1b55 Middlewares\ST\STM32_USB_Host_Library\Class\HID\Src\usbh_hid.o
 .debug_info    0x0001307e     0x1889 Middlewares\ST\STM32_USB_Host_Library\Class\HID\Src\usbh_hid_keybd.o
 .debug_info    0x00014907     0x1738 Middlewares\ST\STM32_USB_Host_Library\Class\HID\Src\usbh_hid_mouse.o
 .debug_info    0x0001603f     0x149b Middlewares\ST\STM32_USB_Host_Library\Class\HID\Src\usbh_hid_parser.o
 .debug_info    0x000174da     0x17ea Middlewares\ST\STM32_USB_Host_Library\Core\Src\usbh_core.o
 .debug_info    0x00018cc4     0x18aa Middlewares\ST\STM32_USB_Host_Library\Core\Src\usbh_ctlreq.o
 .debug_info    0x0001a56e     0x1617 Middlewares\ST\STM32_USB_Host_Library\Core\Src\usbh_ioreq.o
 .debug_info    0x0001bb85     0x145a Middlewares\ST\STM32_USB_Host_Library\Core\Src\usbh_pipes.o
 .debug_info    0x0001cfdf     0x13ad USB_HOST\App\usb_host.o
 .debug_info    0x0001e38c     0x26a1 USB_HOST\Target\usbh_conf.o
 .debug_info    0x00020a2d      0x3c4 USB_HOST\Target\usbh_platform.o
 .debug_info    0x00020df1       0x82 startup\startup_stm32l496xx.o

.debug_abbrev   0x00000000     0x3cc2
 .debug_abbrev  0x00000000      0x346 Core\Src\main.o
 .debug_abbrev  0x00000346      0x187 Core\Src\stm32l4xx_hal_msp.o
 .debug_abbrev  0x000004cd      0x15f Core\Src\stm32l4xx_it.o
 .debug_abbrev  0x0000062c      0x271 Core\Src\syscalls.o
 .debug_abbrev  0x0000089d      0x142 Core\Src\system_stm32l4xx.o
 .debug_abbrev  0x000009df      0x1f6 Drivers\STM32L4xx_HAL_Driver\Src\stm32l4xx_hal.o
 .debug_abbrev  0x00000bd5      0x2f5 Drivers\STM32L4xx_HAL_Driver\Src\stm32l4xx_hal_cortex.o
 .debug_abbrev  0x00000eca      0x1bb Drivers\STM32L4xx_HAL_Driver\Src\stm32l4xx_hal_gpio.o
 .debug_abbrev  0x00001085      0x250 Drivers\STM32L4xx_HAL_Driver\Src\stm32l4xx_hal_hcd.o
 .debug_abbrev  0x000012d5      0x186 Drivers\STM32L4xx_HAL_Driver\Src\stm32l4xx_hal_pwr.o
 .debug_abbrev  0x0000145b      0x1c6 Drivers\STM32L4xx_HAL_Driver\Src\stm32l4xx_hal_pwr_ex.o
 .debug_abbrev  0x00001621      0x240 Drivers\STM32L4xx_HAL_Driver\Src\stm32l4xx_hal_rcc.o
 .debug_abbrev  0x00001861      0x233 Drivers\STM32L4xx_HAL_Driver\Src\stm32l4xx_hal_rcc_ex.o
 .debug_abbrev  0x00001a94      0x27a Drivers\STM32L4xx_HAL_Driver\Src\stm32l4xx_hal_uart.o
 .debug_abbrev  0x00001d0e      0x265 Drivers\STM32L4xx_HAL_Driver\Src\stm32l4xx_ll_usb.o
 .debug_abbrev  0x00001f73      0x348 Middlewares\ST\STM32_USB_Host_Library\Class\HID\Src\usbh_hid.o
 .debug_abbrev  0x000022bb      0x2bb Middlewares\ST\STM32_USB_Host_Library\Class\HID\Src\usbh_hid_keybd.o
 .debug_abbrev  0x00002576      0x290 Middlewares\ST\STM32_USB_Host_Library\Class\HID\Src\usbh_hid_mouse.o
 .debug_abbrev  0x00002806      0x27d Middlewares\ST\STM32_USB_Host_Library\Class\HID\Src\usbh_hid_parser.o
 .debug_abbrev  0x00002a83      0x33f Middlewares\ST\STM32_USB_Host_Library\Core\Src\usbh_core.o
 .debug_abbrev  0x00002dc2      0x314 Middlewares\ST\STM32_USB_Host_Library\Core\Src\usbh_ctlreq.o
 .debug_abbrev  0x000030d6      0x272 Middlewares\ST\STM32_USB_Host_Library\Core\Src\usbh_ioreq.o
 .debug_abbrev  0x00003348      0x2aa Middlewares\ST\STM32_USB_Host_Library\Core\Src\usbh_pipes.o
 .debug_abbrev  0x000035f2      0x261 USB_HOST\App\usb_host.o
 .debug_abbrev  0x00003853      0x342 USB_HOST\Target\usbh_conf.o
 .debug_abbrev  0x00003b95      0x11b USB_HOST\Target\usbh_platform.o
 .debug_abbrev  0x00003cb0       0x12 startup\startup_stm32l496xx.o

.debug_aranges  0x00000000     0x1128
 .debug_aranges
                0x00000000       0x58 Core\Src\main.o
 .debug_aranges
                0x00000058       0x30 Core\Src\stm32l4xx_hal_msp.o
 .debug_aranges
                0x00000088       0x68 Core\Src\stm32l4xx_it.o
 .debug_aranges
                0x000000f0       0xb0 Core\Src\syscalls.o
 .debug_aranges
                0x000001a0       0x28 Core\Src\system_stm32l4xx.o
 .debug_aranges
                0x000001c8      0x130 Drivers\STM32L4xx_HAL_Driver\Src\stm32l4xx_hal.o
 .debug_aranges
                0x000002f8      0x118 Drivers\STM32L4xx_HAL_Driver\Src\stm32l4xx_hal_cortex.o
 .debug_aranges
                0x00000410       0x58 Drivers\STM32L4xx_HAL_Driver\Src\stm32l4xx_hal_gpio.o
 .debug_aranges
                0x00000468       0xf0 Drivers\STM32L4xx_HAL_Driver\Src\stm32l4xx_hal_hcd.o
 .debug_aranges
                0x00000558       0x98 Drivers\STM32L4xx_HAL_Driver\Src\stm32l4xx_hal_pwr.o
 .debug_aranges
                0x000005f0      0x150 Drivers\STM32L4xx_HAL_Driver\Src\stm32l4xx_hal_pwr_ex.o
 .debug_aranges
                0x00000740       0x90 Drivers\STM32L4xx_HAL_Driver\Src\stm32l4xx_hal_rcc.o
 .debug_aranges
                0x000007d0      0x108 Drivers\STM32L4xx_HAL_Driver\Src\stm32l4xx_hal_rcc_ex.o
 .debug_aranges
                0x000008d8      0x228 Drivers\STM32L4xx_HAL_Driver\Src\stm32l4xx_hal_uart.o
 .debug_aranges
                0x00000b00      0x1a0 Drivers\STM32L4xx_HAL_Driver\Src\stm32l4xx_ll_usb.o
 .debug_aranges
                0x00000ca0       0xa8 Middlewares\ST\STM32_USB_Host_Library\Class\HID\Src\usbh_hid.o
 .debug_aranges
                0x00000d48       0x38 Middlewares\ST\STM32_USB_Host_Library\Class\HID\Src\usbh_hid_keybd.o
 .debug_aranges
                0x00000d80       0x30 Middlewares\ST\STM32_USB_Host_Library\Class\HID\Src\usbh_hid_mouse.o
 .debug_aranges
                0x00000db0       0x28 Middlewares\ST\STM32_USB_Host_Library\Class\HID\Src\usbh_hid_parser.o
 .debug_aranges
                0x00000dd8       0xc0 Middlewares\ST\STM32_USB_Host_Library\Core\Src\usbh_core.o
 .debug_aranges
                0x00000e98       0xa0 Middlewares\ST\STM32_USB_Host_Library\Core\Src\usbh_ctlreq.o
 .debug_aranges
                0x00000f38       0x60 Middlewares\ST\STM32_USB_Host_Library\Core\Src\usbh_ioreq.o
 .debug_aranges
                0x00000f98       0x40 Middlewares\ST\STM32_USB_Host_Library\Core\Src\usbh_pipes.o
 .debug_aranges
                0x00000fd8       0x30 USB_HOST\App\usb_host.o
 .debug_aranges
                0x00001008       0xd8 USB_HOST\Target\usbh_conf.o
 .debug_aranges
                0x000010e0       0x20 USB_HOST\Target\usbh_platform.o
 .debug_aranges
                0x00001100       0x28 startup\startup_stm32l496xx.o

.debug_ranges   0x00000000      0xfb0
 .debug_ranges  0x00000000       0x48 Core\Src\main.o
 .debug_ranges  0x00000048       0x20 Core\Src\stm32l4xx_hal_msp.o
 .debug_ranges  0x00000068       0x58 Core\Src\stm32l4xx_it.o
 .debug_ranges  0x000000c0       0xa0 Core\Src\syscalls.o
 .debug_ranges  0x00000160       0x18 Core\Src\system_stm32l4xx.o
 .debug_ranges  0x00000178      0x120 Drivers\STM32L4xx_HAL_Driver\Src\stm32l4xx_hal.o
 .debug_ranges  0x00000298      0x108 Drivers\STM32L4xx_HAL_Driver\Src\stm32l4xx_hal_cortex.o
 .debug_ranges  0x000003a0       0x48 Drivers\STM32L4xx_HAL_Driver\Src\stm32l4xx_hal_gpio.o
 .debug_ranges  0x000003e8       0xe0 Drivers\STM32L4xx_HAL_Driver\Src\stm32l4xx_hal_hcd.o
 .debug_ranges  0x000004c8       0x88 Drivers\STM32L4xx_HAL_Driver\Src\stm32l4xx_hal_pwr.o
 .debug_ranges  0x00000550      0x140 Drivers\STM32L4xx_HAL_Driver\Src\stm32l4xx_hal_pwr_ex.o
 .debug_ranges  0x00000690       0x80 Drivers\STM32L4xx_HAL_Driver\Src\stm32l4xx_hal_rcc.o
 .debug_ranges  0x00000710       0xf8 Drivers\STM32L4xx_HAL_Driver\Src\stm32l4xx_hal_rcc_ex.o
 .debug_ranges  0x00000808      0x248 Drivers\STM32L4xx_HAL_Driver\Src\stm32l4xx_hal_uart.o
 .debug_ranges  0x00000a50      0x190 Drivers\STM32L4xx_HAL_Driver\Src\stm32l4xx_ll_usb.o
 .debug_ranges  0x00000be0       0x98 Middlewares\ST\STM32_USB_Host_Library\Class\HID\Src\usbh_hid.o
 .debug_ranges  0x00000c78       0x28 Middlewares\ST\STM32_USB_Host_Library\Class\HID\Src\usbh_hid_keybd.o
 .debug_ranges  0x00000ca0       0x20 Middlewares\ST\STM32_USB_Host_Library\Class\HID\Src\usbh_hid_mouse.o
 .debug_ranges  0x00000cc0       0x18 Middlewares\ST\STM32_USB_Host_Library\Class\HID\Src\usbh_hid_parser.o
 .debug_ranges  0x00000cd8       0xb0 Middlewares\ST\STM32_USB_Host_Library\Core\Src\usbh_core.o
 .debug_ranges  0x00000d88       0x90 Middlewares\ST\STM32_USB_Host_Library\Core\Src\usbh_ctlreq.o
 .debug_ranges  0x00000e18       0x50 Middlewares\ST\STM32_USB_Host_Library\Core\Src\usbh_ioreq.o
 .debug_ranges  0x00000e68       0x30 Middlewares\ST\STM32_USB_Host_Library\Core\Src\usbh_pipes.o
 .debug_ranges  0x00000e98       0x20 USB_HOST\App\usb_host.o
 .debug_ranges  0x00000eb8       0xc8 USB_HOST\Target\usbh_conf.o
 .debug_ranges  0x00000f80       0x10 USB_HOST\Target\usbh_platform.o
 .debug_ranges  0x00000f90       0x20 startup\startup_stm32l496xx.o

.debug_line     0x00000000     0x9d89
 .debug_line    0x00000000      0x511 Core\Src\main.o
 .debug_line    0x00000511      0x2af Core\Src\stm32l4xx_hal_msp.o
 .debug_line    0x000007c0      0x2ef Core\Src\stm32l4xx_it.o
 .debug_line    0x00000aaf      0x3dd Core\Src\syscalls.o
 .debug_line    0x00000e8c      0x247 Core\Src\system_stm32l4xx.o
 .debug_line    0x000010d3      0x4c5 Drivers\STM32L4xx_HAL_Driver\Src\stm32l4xx_hal.o
 .debug_line    0x00001598      0x583 Drivers\STM32L4xx_HAL_Driver\Src\stm32l4xx_hal_cortex.o
 .debug_line    0x00001b1b      0x3f7 Drivers\STM32L4xx_HAL_Driver\Src\stm32l4xx_hal_gpio.o
 .debug_line    0x00001f12      0x6f4 Drivers\STM32L4xx_HAL_Driver\Src\stm32l4xx_hal_hcd.o
 .debug_line    0x00002606      0x385 Drivers\STM32L4xx_HAL_Driver\Src\stm32l4xx_hal_pwr.o
 .debug_line    0x0000298b      0x5fd Drivers\STM32L4xx_HAL_Driver\Src\stm32l4xx_hal_pwr_ex.o
 .debug_line    0x00002f88      0x59e Drivers\STM32L4xx_HAL_Driver\Src\stm32l4xx_hal_rcc.o
 .debug_line    0x00003526      0x967 Drivers\STM32L4xx_HAL_Driver\Src\stm32l4xx_hal_rcc_ex.o
 .debug_line    0x00003e8d     0x1f81 Drivers\STM32L4xx_HAL_Driver\Src\stm32l4xx_hal_uart.o
 .debug_line    0x00005e0e      0xa19 Drivers\STM32L4xx_HAL_Driver\Src\stm32l4xx_ll_usb.o
 .debug_line    0x00006827      0x65e Middlewares\ST\STM32_USB_Host_Library\Class\HID\Src\usbh_hid.o
 .debug_line    0x00006e85      0x46f Middlewares\ST\STM32_USB_Host_Library\Class\HID\Src\usbh_hid_keybd.o
 .debug_line    0x000072f4      0x43f Middlewares\ST\STM32_USB_Host_Library\Class\HID\Src\usbh_hid_mouse.o
 .debug_line    0x00007733      0x473 Middlewares\ST\STM32_USB_Host_Library\Class\HID\Src\usbh_hid_parser.o
 .debug_line    0x00007ba6      0x75f Middlewares\ST\STM32_USB_Host_Library\Core\Src\usbh_core.o
 .debug_line    0x00008305      0x619 Middlewares\ST\STM32_USB_Host_Library\Core\Src\usbh_ctlreq.o
 .debug_line    0x0000891e      0x41e Middlewares\ST\STM32_USB_Host_Library\Core\Src\usbh_ioreq.o
 .debug_line    0x00008d3c      0x3d6 Middlewares\ST\STM32_USB_Host_Library\Core\Src\usbh_pipes.o
 .debug_line    0x00009112      0x3d7 USB_HOST\App\usb_host.o
 .debug_line    0x000094e9      0x5e8 USB_HOST\Target\usbh_conf.o
 .debug_line    0x00009ad1      0x237 USB_HOST\Target\usbh_platform.o
 .debug_line    0x00009d08       0x81 startup\startup_stm32l496xx.o

.debug_str      0x00000000     0x606f
 .debug_str     0x00000000     0x16d1 Core\Src\main.o
                               0x189c (size before relaxing)
 .debug_str     0x000016d1      0x2ed Core\Src\stm32l4xx_hal_msp.o
                                0xcd3 (size before relaxing)
 .debug_str     0x000019be      0x46a Core\Src\stm32l4xx_it.o
                                0x91e (size before relaxing)
 .debug_str     0x00001e28      0x227 Core\Src\syscalls.o
                                0x863 (size before relaxing)
 .debug_str     0x0000204f       0xb8 Core\Src\system_stm32l4xx.o
                                0x63c (size before relaxing)
 .debug_str     0x00002107      0x951 Drivers\STM32L4xx_HAL_Driver\Src\stm32l4xx_hal.o
                                0xf3c (size before relaxing)
 .debug_str     0x00002a58      0x489 Drivers\STM32L4xx_HAL_Driver\Src\stm32l4xx_hal_cortex.o
                                0xf0d (size before relaxing)
 .debug_str     0x00002ee1      0x14f Drivers\STM32L4xx_HAL_Driver\Src\stm32l4xx_hal_gpio.o
                                0x7f0 (size before relaxing)
 .debug_str     0x00003030      0x3e8 Drivers\STM32L4xx_HAL_Driver\Src\stm32l4xx_hal_hcd.o